main.c:144:6:HAL_GPIO_EXTI_Callback	16	static
main.c:215:6:motor_5	16	static
main.c:219:6:motor_6	16	static
main.c:223:6:motor_7	16	static
main.c:229:6:motor_sol	16	static
main.c:233:6:motor_air	16	static
main.c:238:6:map	32	static
main.c:243:6:servo_1	24	static
main.c:247:6:servo_2	24	static
main.c:251:6:servo_3	24	static
main.c:255:6:servo_4	24	static
main.c:259:6:servo_5	24	static
main.c:263:6:servo_6	24	static
main.c:268:6:servo_init	8	static
main.c:283:5:main	8	static
main.c:752:6:SystemClock_Config	232	static
main.c:812:13:MX_I2C2_Init	8	static
main.c:858:13:MX_TIM1_Init	112	static
main.c:946:13:MX_TIM2_Init	64	static
main.c:1017:13:MX_TIM3_Init	64	static
main.c:1088:13:MX_TIM4_Init	64	static
main.c:1159:13:MX_TIM5_Init	64	static
main.c:1230:13:MX_TIM6_Init	24	static
main.c:1268:13:MX_TIM8_Init	112	static
main.c:1356:13:MX_TIM9_Init	24	static
main.c:1394:13:MX_TIM10_Init	40	static
main.c:1440:13:MX_USART1_UART_Init	8	static
main.c:1475:13:MX_USART2_UART_Init	8	static
main.c:1509:13:MX_DMA_Init	16	static
main.c:1531:13:MX_GPIO_Init	56	static
main.c:1648:6:Error_Handler	4	static
