Archive member included to satisfy reference by file (symbol)

c:/st/stm32cubeide_1.2.0/stm32cubeide/plugins/com.st.stm32cube.ide.mcu.externaltools.gnu-tools-for-stm32.7-2018-q2-update.win32_1.0.0.201904181610/tools/bin/../lib/gcc/arm-none-eabi/7.3.1/../../../../arm-none-eabi/lib/thumb/v7e-m/fpv5/hard\libc_nano.a(lib_a-errno.o)
                              Core/Src/syscalls.o (__errno)
c:/st/stm32cubeide_1.2.0/stm32cubeide/plugins/com.st.stm32cube.ide.mcu.externaltools.gnu-tools-for-stm32.7-2018-q2-update.win32_1.0.0.201904181610/tools/bin/../lib/gcc/arm-none-eabi/7.3.1/../../../../arm-none-eabi/lib/thumb/v7e-m/fpv5/hard\libc_nano.a(lib_a-exit.o)
                              c:/st/stm32cubeide_1.2.0/stm32cubeide/plugins/com.st.stm32cube.ide.mcu.externaltools.gnu-tools-for-stm32.7-2018-q2-update.win32_1.0.0.201904181610/tools/bin/../lib/gcc/arm-none-eabi/7.3.1/../../../../arm-none-eabi/lib/thumb/v7e-m/fpv5/hard/crt0.o (exit)
c:/st/stm32cubeide_1.2.0/stm32cubeide/plugins/com.st.stm32cube.ide.mcu.externaltools.gnu-tools-for-stm32.7-2018-q2-update.win32_1.0.0.201904181610/tools/bin/../lib/gcc/arm-none-eabi/7.3.1/../../../../arm-none-eabi/lib/thumb/v7e-m/fpv5/hard\libc_nano.a(lib_a-impure.o)
                              c:/st/stm32cubeide_1.2.0/stm32cubeide/plugins/com.st.stm32cube.ide.mcu.externaltools.gnu-tools-for-stm32.7-2018-q2-update.win32_1.0.0.201904181610/tools/bin/../lib/gcc/arm-none-eabi/7.3.1/../../../../arm-none-eabi/lib/thumb/v7e-m/fpv5/hard\libc_nano.a(lib_a-exit.o) (_global_impure_ptr)
c:/st/stm32cubeide_1.2.0/stm32cubeide/plugins/com.st.stm32cube.ide.mcu.externaltools.gnu-tools-for-stm32.7-2018-q2-update.win32_1.0.0.201904181610/tools/bin/../lib/gcc/arm-none-eabi/7.3.1/../../../../arm-none-eabi/lib/thumb/v7e-m/fpv5/hard\libc_nano.a(lib_a-init.o)
                              c:/st/stm32cubeide_1.2.0/stm32cubeide/plugins/com.st.stm32cube.ide.mcu.externaltools.gnu-tools-for-stm32.7-2018-q2-update.win32_1.0.0.201904181610/tools/bin/../lib/gcc/arm-none-eabi/7.3.1/../../../../arm-none-eabi/lib/thumb/v7e-m/fpv5/hard/crt0.o (__libc_init_array)
c:/st/stm32cubeide_1.2.0/stm32cubeide/plugins/com.st.stm32cube.ide.mcu.externaltools.gnu-tools-for-stm32.7-2018-q2-update.win32_1.0.0.201904181610/tools/bin/../lib/gcc/arm-none-eabi/7.3.1/../../../../arm-none-eabi/lib/thumb/v7e-m/fpv5/hard\libc_nano.a(lib_a-memset.o)
                              c:/st/stm32cubeide_1.2.0/stm32cubeide/plugins/com.st.stm32cube.ide.mcu.externaltools.gnu-tools-for-stm32.7-2018-q2-update.win32_1.0.0.201904181610/tools/bin/../lib/gcc/arm-none-eabi/7.3.1/../../../../arm-none-eabi/lib/thumb/v7e-m/fpv5/hard/crt0.o (memset)
c:/st/stm32cubeide_1.2.0/stm32cubeide/plugins/com.st.stm32cube.ide.mcu.externaltools.gnu-tools-for-stm32.7-2018-q2-update.win32_1.0.0.201904181610/tools/bin/../lib/gcc/arm-none-eabi/7.3.1/../../../../arm-none-eabi/lib/thumb/v7e-m/fpv5/hard\libc_nano.a(lib_a-sprintf.o)
                              Core/Src/main.o (sprintf)
c:/st/stm32cubeide_1.2.0/stm32cubeide/plugins/com.st.stm32cube.ide.mcu.externaltools.gnu-tools-for-stm32.7-2018-q2-update.win32_1.0.0.201904181610/tools/bin/../lib/gcc/arm-none-eabi/7.3.1/../../../../arm-none-eabi/lib/thumb/v7e-m/fpv5/hard\libc_nano.a(lib_a-nano-svfprintf.o)
                              c:/st/stm32cubeide_1.2.0/stm32cubeide/plugins/com.st.stm32cube.ide.mcu.externaltools.gnu-tools-for-stm32.7-2018-q2-update.win32_1.0.0.201904181610/tools/bin/../lib/gcc/arm-none-eabi/7.3.1/../../../../arm-none-eabi/lib/thumb/v7e-m/fpv5/hard\libc_nano.a(lib_a-sprintf.o) (_svfprintf_r)
c:/st/stm32cubeide_1.2.0/stm32cubeide/plugins/com.st.stm32cube.ide.mcu.externaltools.gnu-tools-for-stm32.7-2018-q2-update.win32_1.0.0.201904181610/tools/bin/../lib/gcc/arm-none-eabi/7.3.1/../../../../arm-none-eabi/lib/thumb/v7e-m/fpv5/hard\libc_nano.a(lib_a-nano-vfprintf_i.o)
                              c:/st/stm32cubeide_1.2.0/stm32cubeide/plugins/com.st.stm32cube.ide.mcu.externaltools.gnu-tools-for-stm32.7-2018-q2-update.win32_1.0.0.201904181610/tools/bin/../lib/gcc/arm-none-eabi/7.3.1/../../../../arm-none-eabi/lib/thumb/v7e-m/fpv5/hard\libc_nano.a(lib_a-nano-svfprintf.o) (_printf_i)
c:/st/stm32cubeide_1.2.0/stm32cubeide/plugins/com.st.stm32cube.ide.mcu.externaltools.gnu-tools-for-stm32.7-2018-q2-update.win32_1.0.0.201904181610/tools/bin/../lib/gcc/arm-none-eabi/7.3.1/../../../../arm-none-eabi/lib/thumb/v7e-m/fpv5/hard\libc_nano.a(lib_a-memchr.o)
                              c:/st/stm32cubeide_1.2.0/stm32cubeide/plugins/com.st.stm32cube.ide.mcu.externaltools.gnu-tools-for-stm32.7-2018-q2-update.win32_1.0.0.201904181610/tools/bin/../lib/gcc/arm-none-eabi/7.3.1/../../../../arm-none-eabi/lib/thumb/v7e-m/fpv5/hard\libc_nano.a(lib_a-nano-svfprintf.o) (memchr)
[...]
Memory Configuration

Name             Origin             Length             Attributes
RAM              0x0000000020000000 0x0000000000080000 xrw
FLASH            0x0000000008000000 0x0000000000200000 xr
*default*        0x0000000000000000 0xffffffffffffffff

Linker script and memory map

LOAD c:/st/stm32cubeide_1.2.0/stm32cubeide/plugins/com.st.stm32cube.ide.mcu.externaltools.gnu-tools-for-stm32.7-2018-q2-update.win32_1.0.0.201904181610/tools/bin/../lib/gcc/arm-none-eabi/7.3.1/thumb/v7e-m/fpv5/hard/crti.o
LOAD c:/st/stm32cubeide_1.2.0/stm32cubeide/plugins/com.st.stm32cube.ide.mcu.externaltools.gnu-tools-for-stm32.7-2018-q2-update.win32_1.0.0.201904181610/tools/bin/../lib/gcc/arm-none-eabi/7.3.1/thumb/v7e-m/fpv5/hard/crtbegin.o
LOAD c:/st/stm32cubeide_1.2.0/stm32cubeide/plugins/com.st.stm32cube.ide.mcu.externaltools.gnu-tools-for-stm32.7-2018-q2-update.win32_1.0.0.201904181610/tools/bin/../lib/gcc/arm-none-eabi/7.3.1/../../../../arm-none-eabi/lib/thumb/v7e-m/fpv5/hard/crt0.o
LOAD Core/Src/JY901.o
LOAD Core/Src/SO1602A.o
LOAD Core/Src/main.o
LOAD Core/Src/mecanum.o
LOAD Core/Src/stm32f7xx_hal_msp.o
LOAD Core/Src/stm32f7xx_it.o
LOAD Core/Src/syscalls.o
LOAD Core/Src/sysmem.o
LOAD Core/Src/system_stm32f7xx.o
LOAD Core/Startup/startup_stm32f767zitx.o
LOAD Drivers/STM32F7xx_HAL_Driver/Src/stm32f7xx_hal.o
LOAD Drivers/STM32F7xx_HAL_Driver/Src/stm32f7xx_hal_cortex.o
LOAD Drivers/STM32F7xx_HAL_Driver/Src/stm32f7xx_hal_dma.o
LOAD Drivers/STM32F7xx_HAL_Driver/Src/stm32f7xx_hal_dma_ex.o
LOAD Drivers/STM32F7xx_HAL_Driver/Src/stm32f7xx_hal_exti.o
LOAD Drivers/STM32F7xx_HAL_Driver/Src/stm32f7xx_hal_flash.o
LOAD Drivers/STM32F7xx_HAL_Driver/Src/stm32f7xx_hal_flash_ex.o
LOAD Drivers/STM32F7xx_HAL_Driver/Src/stm32f7xx_hal_gpio.o
LOAD Drivers/STM32F7xx_HAL_Driver/Src/stm32f7xx_hal_i2c.o
LOAD Drivers/STM32F7xx_HAL_Driver/Src/stm32f7xx_hal_i2c_ex.o
LOAD Drivers/STM32F7xx_HAL_Driver/Src/stm32f7xx_hal_pwr.o
LOAD Drivers/STM32F7xx_HAL_Driver/Src/stm32f7xx_hal_pwr_ex.o
LOAD Drivers/STM32F7xx_HAL_Driver/Src/stm32f7xx_hal_rcc.o
LOAD Drivers/STM32F7xx_HAL_Driver/Src/stm32f7xx_hal_rcc_ex.o
LOAD Drivers/STM32F7xx_HAL_Driver/Src/stm32f7xx_hal_tim.o
LOAD Drivers/STM32F7xx_HAL_Driver/Src/stm32f7xx_hal_tim_ex.o
LOAD Drivers/STM32F7xx_HAL_Driver/Src/stm32f7xx_hal_uart.o
LOAD Drivers/STM32F7xx_HAL_Driver/Src/stm32f7xx_hal_uart_ex.o
START GROUP
LOAD c:/st/stm32cubeide_1.2.0/stm32cubeide/plugins/com.st.stm32cube.ide.mcu.externaltools.gnu-tools-for-stm32.7-2018-q2-update.win32_1.0.0.201904181610/tools/bin/../lib/gcc/arm-none-eabi/7.3.1/../../../../arm-none-eabi/lib/thumb/v7e-m/fpv5/hard\libc_nano.a
LOAD c:/st/stm32cubeide_1.2.0/stm32cubeide/plugins/com.st.stm32cube.ide.mcu.externaltools.gnu-tools-for-stm32.7-2018-q2-update.win32_1.0.0.201904181610/tools/bin/../lib/gcc/arm-none-eabi/7.3.1/../../../../arm-none-eabi/lib/thumb/v7e-m/fpv5/hard\libm.a
END GROUP
START GROUP
LOAD c:/st/stm32cubeide_1.2.0/stm32cubeide/plugins/com.st.stm32cube.ide.mcu.externaltools.gnu-tools-for-stm32.7-2018-q2-update.win32_1.0.0.201904181610/tools/bin/../lib/gcc/arm-none-eabi/7.3.1/thumb/v7e-m/fpv5/hard\libgcc.a
LOAD c:/st/stm32cubeide_1.2.0/stm32cubeide/plugins/com.st.stm32cube.ide.mcu.externaltools.gnu-tools-for-stm32.7-2018-q2-update.win32_1.0.0.201904181610/tools/bin/../lib/gcc/arm-none-eabi/7.3.1/../../../../arm-none-eabi/lib/thumb/v7e-m/fpv5/hard\libc_nano.a
END GROUP
START GROUP
LOAD c:/st/stm32cubeide_1.2.0/stm32cubeide/plugins/com.st.stm32cube.ide.mcu.externaltools.gnu-tools-for-stm32.7-2018-q2-update.win32_1.0.0.201904181610/tools/bin/../lib/gcc/arm-none-eabi/7.3.1/thumb/v7e-m/fpv5/hard\libgcc.a
LOAD c:/st/stm32cubeide_1.2.0/stm32cubeide/plugins/com.st.stm32cube.ide.mcu.externaltools.gnu-tools-for-stm32.7-2018-q2-update.win32_1.0.0.201904181610/tools/bin/../lib/gcc/arm-none-eabi/7.3.1/../../../../arm-none-eabi/lib/thumb/v7e-m/fpv5/hard\libc_nano.a
LOAD c:/st/stm32cubeide_1.2.0/stm32cubeide/plugins/com.st.stm32cube.ide.mcu.externaltools.gnu-tools-for-stm32.7-2018-q2-update.win32_1.0.0.201904181610/tools/bin/../lib/gcc/arm-none-eabi/7.3.1/../../../../arm-none-eabi/lib/thumb/v7e-m/fpv5/hard\libnosys.a
END GROUP
START GROUP
LOAD c:/st/stm32cubeide_1.2.0/stm32cubeide/plugins/com.st.stm32cube.ide.mcu.externaltools.gnu-tools-for-stm32.7-2018-q2-update.win32_1.0.0.201904181610/tools/bin/../lib/gcc/arm-none-eabi/7.3.1/thumb/v7e-m/fpv5/hard\libgcc.a
LOAD c:/st/stm32cubeide_1.2.0/stm32cubeide/plugins/com.st.stm32cube.ide.mcu.externaltools.gnu-tools-for-stm32.7-2018-q2-update.win32_1.0.0.201904181610/tools/bin/../lib/gcc/arm-none-eabi/7.3.1/../../../../arm-none-eabi/lib/thumb/v7e-m/fpv5/hard\libc_nano.a
LOAD c:/st/stm32cubeide_1.2.0/stm32cubeide/plugins/com.st.stm32cube.ide.mcu.externaltools.gnu-tools-for-stm32.7-2018-q2-update.win32_1.0.0.201904181610/tools/bin/../lib/gcc/arm-none-eabi/7.3.1/../../../../arm-none-eabi/lib/thumb/v7e-m/fpv5/hard\libnosys.a
END GROUP
LOAD c:/st/stm32cubeide_1.2.0/stm32cubeide/plugins/com.st.stm32cube.ide.mcu.externaltools.gnu-tools-for-stm32.7-2018-q2-update.win32_1.0.0.201904181610/tools/bin/../lib/gcc/arm-none-eabi/7.3.1/thumb/v7e-m/fpv5/hard/crtend.o
LOAD c:/st/stm32cubeide_1.2.0/stm32cubeide/plugins/com.st.stm32cube.ide.mcu.externaltools.gnu-tools-for-stm32.7-2018-q2-update.win32_1.0.0.201904181610/tools/bin/../lib/gcc/arm-none-eabi/7.3.1/thumb/v7e-m/fpv5/hard/crtn.o
                0x0000000020080000                _estack = (ORIGIN (RAM) + LENGTH (RAM))
                0x0000000000000200                _Min_Heap_Size = 0x200
                0x0000000000000400                _Min_Stack_Size = 0x400

.isr_vector     0x0000000008000000      0x1f8
                0x0000000008000000                . = ALIGN (0x4)
 *(.isr_vector)
 .isr_vector    0x0000000008000000      0x1f8 Core/Startup/startup_stm32f767zitx.o
                0x0000000008000000                g_pfnVectors
                0x00000000080001f8                . = ALIGN (0x4)

.text           0x0000000008000200     0x8854
                0x0000000008000200                . = ALIGN (0x4)
 *(.text)
 .text          0x0000000008000200       0x40 c:/st/stm32cubeide_1.2.0/stm32cubeide/plugins/com.st.stm32cube.ide.mcu.externaltools.gnu-tools-for-stm32.7-2018-q2-update.win32_1.0.0.201904181610/tools/bin/../lib/gcc/arm-none-eabi/7.3.1/thumb/v7e-m/fpv5/hard/crtbegin.o
 .text          0x0000000008000240       0xa0 c:/st/stm32cubeide_1.2.0/stm32cubeide/plugins/com.st.stm32cube.ide.mcu.externaltools.gnu-tools-for-stm32.7-2018-q2-update.win32_1.0.0.201904181610/tools/bin/../lib/gcc/arm-none-eabi/7.3.1/../../../../arm-none-eabi/lib/thumb/v7e-m/fpv5/hard\libc_nano.a(lib_a-memchr.o)
                0x0000000008000240                memchr
 .text          0x00000000080002e0       0x30 c:/st/stm32cubeide_1.2.0/stm32cubeide/plugins/com.st.stm32cube.ide.mcu.externaltools.gnu-tools-for-stm32.7-2018-q2-update.win32_1.0.0.201904181610/tools/bin/../lib/gcc/arm-none-eabi/7.3.1/thumb/v7e-m/fpv5/hard\libgcc.a(_aeabi_uldivmod.o)
                0x00000000080002e0                __aeabi_uldivmod
 .text          0x0000000008000310      0x2cc c:/st/stm32cubeide_1.2.0/stm32cubeide/plugins/com.st.stm32cube.ide.mcu.externaltools.gnu-tools-for-stm32.7-2018-q2-update.win32_1.0.0.201904181610/tools/bin/../lib/gcc/arm-none-eabi/7.3.1/thumb/v7e-m/fpv5/hard\libgcc.a(_udivmoddi4.o)
                0x0000000008000310                __udivmoddi4
 .text          0x00000000080005dc        0x4 c:/st/stm32cubeide_1.2.0/stm32cubeide/plugins/com.st.stm32cube.ide.mcu.externaltools.gnu-tools-for-stm32.7-2018-q2-update.win32_1.0.0.201904181610/tools/bin/../lib/gcc/arm-none-eabi/7.3.1/thumb/v7e-m/fpv5/hard\libgcc.a(_dvmd_tls.o)
                0x00000000080005dc                __aeabi_idiv0
                0x00000000080005dc                __aeabi_ldiv0
 *(.text*)
 .text.JY901_init
                0x00000000080005e0       0x20 Core/Src/JY901.o
                0x00000000080005e0                JY901_init
 .text.JY901_calibration
                0x0000000008000600       0xf0 Core/Src/JY901.o
                0x0000000008000600                JY901_calibration
 .text.JY901_def_set
                0x00000000080006f0       0x60 Core/Src/JY901.o
                0x00000000080006f0                JY901_def_set
 .text.JY901_yaw_get
                0x0000000008000750       0x84 Core/Src/JY901.o
                0x0000000008000750                JY901_yaw_get
 .text.oled_Init
                0x00000000080007d4       0x20 Core/Src/SO1602A.o
                0x00000000080007d4                oled_Init
 .text.writeData
                0x00000000080007f4       0x48 Core/Src/SO1602A.o
                0x00000000080007f4                writeData
 .text.writeCommand
                0x000000000800083c       0x38 Core/Src/SO1602A.o
                0x000000000800083c                writeCommand
 .text.OLED_Init
                0x0000000008000874       0x26 Core/Src/SO1602A.o
                0x0000000008000874                OLED_Init
 .text.set_cursor
                0x000000000800089a       0x3a Core/Src/SO1602A.o
                0x000000000800089a                set_cursor
 .text.Puts     0x00000000080008d4       0x2a Core/Src/SO1602A.o
                0x00000000080008d4                Puts
 *fill*         0x00000000080008fe        0x2 
 .text.HAL_GPIO_EXTI_Callback
                0x0000000008000900      0x1f4 Core/Src/main.o
                0x0000000008000900                HAL_GPIO_EXTI_Callback
 .text.motor_5  0x0000000008000af4       0x30 Core/Src/main.o
                0x0000000008000af4                motor_5
 .text.motor_6  0x0000000008000b24       0x30 Core/Src/main.o
                0x0000000008000b24                motor_6
 .text.motor_7  0x0000000008000b54       0x30 Core/Src/main.o
                0x0000000008000b54                motor_7
 .text.motor_sol
                0x0000000008000b84       0x30 Core/Src/main.o
                0x0000000008000b84                motor_sol
 .text.motor_air
                0x0000000008000bb4       0x30 Core/Src/main.o
                0x0000000008000bb4                motor_air
 .text.map      0x0000000008000be4       0x62 Core/Src/main.o
                0x0000000008000be4                map
 *fill*         0x0000000008000c46        0x2 
 .text.servo_1  0x0000000008000c48       0x50 Core/Src/main.o
                0x0000000008000c48                servo_1
 .text.servo_2  0x0000000008000c98       0x50 Core/Src/main.o
                0x0000000008000c98                servo_2
 .text.servo_3  0x0000000008000ce8       0x50 Core/Src/main.o
                0x0000000008000ce8                servo_3
 .text.servo_4  0x0000000008000d38       0x50 Core/Src/main.o
                0x0000000008000d38                servo_4
 .text.servo_5  0x0000000008000d88       0x50 Core/Src/main.o
                0x0000000008000d88                servo_5
 .text.servo_6  0x0000000008000dd8       0x50 Core/Src/main.o
                0x0000000008000dd8                servo_6
 .text.servo_init
                0x0000000008000e28       0x2c Core/Src/main.o
                0x0000000008000e28                servo_init
 .text.main     0x0000000008000e54      0xf50 Core/Src/main.o
                0x0000000008000e54                main
 .text.SystemClock_Config
                0x0000000008001da4      0x128 Core/Src/main.o
                0x0000000008001da4                SystemClock_Config
 .text.MX_I2C2_Init
                0x0000000008001ecc       0x80 Core/Src/main.o
 .text.MX_TIM1_Init
                0x0000000008001f4c      0x18c Core/Src/main.o
 .text.MX_TIM2_Init
                0x00000000080020d8      0x130 Core/Src/main.o
 .text.MX_TIM3_Init
                0x0000000008002208      0x130 Core/Src/main.o
 .text.MX_TIM4_Init
                0x0000000008002338      0x130 Core/Src/main.o
 .text.MX_TIM5_Init
                0x0000000008002468      0x130 Core/Src/main.o
 .text.MX_TIM6_Init
                0x0000000008002598       0x70 Core/Src/main.o
 .text.MX_TIM8_Init
                0x0000000008002608      0x18c Core/Src/main.o
 .text.MX_TIM9_Init
                0x0000000008002794       0x74 Core/Src/main.o
 .text.MX_TIM10_Init
                0x0000000008002808       0x9c Core/Src/main.o
 .text.MX_USART1_UART_Init
                0x00000000080028a4       0x60 Core/Src/main.o
 .text.MX_USART2_UART_Init
                0x0000000008002904       0x68 Core/Src/main.o
 .text.MX_DMA_Init
                0x000000000800296c       0x64 Core/Src/main.o
 .text.MX_GPIO_Init
                0x00000000080029d0      0x264 Core/Src/main.o
 .text.Error_Handler
                0x0000000008002c34        0xe Core/Src/main.o
                0x0000000008002c34                Error_Handler
 *fill*         0x0000000008002c42        0x2 
 .text.motor_1  0x0000000008002c44       0x30 Core/Src/mecanum.o
                0x0000000008002c44                motor_1
 .text.motor_2  0x0000000008002c74       0x30 Core/Src/mecanum.o
                0x0000000008002c74                motor_2
 .text.motor_3  0x0000000008002ca4       0x30 Core/Src/mecanum.o
                0x0000000008002ca4                motor_3
 .text.motor_4  0x0000000008002cd4       0x30 Core/Src/mecanum.o
                0x0000000008002cd4                motor_4
 .text.mecanum  0x0000000008002d04      0x268 Core/Src/mecanum.o
                0x0000000008002d04                mecanum
 .text.HAL_MspInit
                0x0000000008002f6c       0x48 Core/Src/stm32f7xx_hal_msp.o
                0x0000000008002f6c                HAL_MspInit
 .text.HAL_I2C_MspInit
                0x0000000008002fb4       0x88 Core/Src/stm32f7xx_hal_msp.o
                0x0000000008002fb4                HAL_I2C_MspInit
 .text.HAL_TIM_Base_MspInit
                0x000000000800303c      0x188 Core/Src/stm32f7xx_hal_msp.o
                0x000000000800303c                HAL_TIM_Base_MspInit
 .text.HAL_TIM_MspPostInit
                0x00000000080031c4      0x320 Core/Src/stm32f7xx_hal_msp.o
                0x00000000080031c4                HAL_TIM_MspPostInit
 .text.HAL_UART_MspInit
                0x00000000080034e4      0x1dc Core/Src/stm32f7xx_hal_msp.o
                0x00000000080034e4                HAL_UART_MspInit
 .text.NMI_Handler
                0x00000000080036c0        0xe Core/Src/stm32f7xx_it.o
                0x00000000080036c0                NMI_Handler
 .text.HardFault_Handler
                0x00000000080036ce        0x6 Core/Src/stm32f7xx_it.o
                0x00000000080036ce                HardFault_Handler
 .text.MemManage_Handler
                0x00000000080036d4        0x6 Core/Src/stm32f7xx_it.o
                0x00000000080036d4                MemManage_Handler
 .text.BusFault_Handler
                0x00000000080036da        0x6 Core/Src/stm32f7xx_it.o
                0x00000000080036da                BusFault_Handler
 .text.UsageFault_Handler
                0x00000000080036e0        0x6 Core/Src/stm32f7xx_it.o
                0x00000000080036e0                UsageFault_Handler
 .text.SVC_Handler
                0x00000000080036e6        0xe Core/Src/stm32f7xx_it.o
                0x00000000080036e6                SVC_Handler
 .text.DebugMon_Handler
                0x00000000080036f4        0xe Core/Src/stm32f7xx_it.o
                0x00000000080036f4                DebugMon_Handler
 .text.PendSV_Handler
                0x0000000008003702        0xe Core/Src/stm32f7xx_it.o
                0x0000000008003702                PendSV_Handler
 .text.SysTick_Handler
                0x0000000008003710        0xc Core/Src/stm32f7xx_it.o
                0x0000000008003710                SysTick_Handler
 .text.EXTI0_IRQHandler
                0x000000000800371c        0xe Core/Src/stm32f7xx_it.o
                0x000000000800371c                EXTI0_IRQHandler
 .text.EXTI2_IRQHandler
                0x000000000800372a        0xe Core/Src/stm32f7xx_it.o
                0x000000000800372a                EXTI2_IRQHandler
 .text.EXTI3_IRQHandler
                0x0000000008003738        0xe Core/Src/stm32f7xx_it.o
                0x0000000008003738                EXTI3_IRQHandler
 .text.EXTI4_IRQHandler
                0x0000000008003746        0xe Core/Src/stm32f7xx_it.o
                0x0000000008003746                EXTI4_IRQHandler
 .text.DMA1_Stream5_IRQHandler
                0x0000000008003754       0x14 Core/Src/stm32f7xx_it.o
                0x0000000008003754                DMA1_Stream5_IRQHandler
 .text.EXTI9_5_IRQHandler
                0x0000000008003768        0xe Core/Src/stm32f7xx_it.o
                0x0000000008003768                EXTI9_5_IRQHandler
 *fill*         0x0000000008003776        0x2 
 .text.USART1_IRQHandler
                0x0000000008003778       0x14 Core/Src/stm32f7xx_it.o
                0x0000000008003778                USART1_IRQHandler
 .text.USART2_IRQHandler
                0x000000000800378c       0x14 Core/Src/stm32f7xx_it.o
                0x000000000800378c                USART2_IRQHandler
 .text.EXTI15_10_IRQHandler
                0x00000000080037a0       0x38 Core/Src/stm32f7xx_it.o
                0x00000000080037a0                EXTI15_10_IRQHandler
 .text.TIM6_DAC_IRQHandler
                0x00000000080037d8       0x38 Core/Src/stm32f7xx_it.o
                0x00000000080037d8                TIM6_DAC_IRQHandler
 .text.DMA2_Stream2_IRQHandler
                0x0000000008003810       0x14 Core/Src/stm32f7xx_it.o
                0x0000000008003810                DMA2_Stream2_IRQHandler
 .text._sbrk    0x0000000008003824       0x58 Core/Src/sysmem.o
                0x0000000008003824                _sbrk
 .text.SystemInit
                0x000000000800387c       0x6c Core/Src/system_stm32f7xx.o
                0x000000000800387c                SystemInit
 .text.Reset_Handler
                0x00000000080038e8       0x50 Core/Startup/startup_stm32f767zitx.o
                0x00000000080038e8                Reset_Handler
 .text.Default_Handler
                0x0000000008003938        0x2 Core/Startup/startup_stm32f767zitx.o
                0x0000000008003938                RTC_Alarm_IRQHandler
                0x0000000008003938                TIM8_CC_IRQHandler
                0x0000000008003938                UART8_IRQHandler
                0x0000000008003938                SPI4_IRQHandler
                0x0000000008003938                TIM1_CC_IRQHandler
                0x0000000008003938                DMA2_Stream5_IRQHandler
                0x0000000008003938                JPEG_IRQHandler
                0x0000000008003938                CAN3_RX1_IRQHandler
                0x0000000008003938                PVD_IRQHandler
                0x0000000008003938                TAMP_STAMP_IRQHandler
                0x0000000008003938                CAN2_RX1_IRQHandler
                0x0000000008003938                TIM8_TRG_COM_TIM14_IRQHandler
                0x0000000008003938                DFSDM1_FLT1_IRQHandler
                0x0000000008003938                TIM1_UP_TIM10_IRQHandler
                0x0000000008003938                TIM8_UP_TIM13_IRQHandler
                0x0000000008003938                I2C3_ER_IRQHandler
                0x0000000008003938                DFSDM1_FLT2_IRQHandler
                0x0000000008003938                I2C2_EV_IRQHandler
                0x0000000008003938                DMA1_Stream2_IRQHandler
                0x0000000008003938                CAN1_RX0_IRQHandler
                0x0000000008003938                FPU_IRQHandler
                0x0000000008003938                OTG_HS_WKUP_IRQHandler
                0x0000000008003938                CAN3_SCE_IRQHandler
                0x0000000008003938                LTDC_ER_IRQHandler
                0x0000000008003938                CAN2_SCE_IRQHandler
                0x0000000008003938                SPI1_IRQHandler
                0x0000000008003938                TIM1_BRK_TIM9_IRQHandler
                0x0000000008003938                DCMI_IRQHandler
                0x0000000008003938                CAN2_RX0_IRQHandler
                0x0000000008003938                DMA2_Stream3_IRQHandler
                0x0000000008003938                SAI2_IRQHandler
                0x0000000008003938                DFSDM1_FLT3_IRQHandler
                0x0000000008003938                USART6_IRQHandler
                0x0000000008003938                CAN3_RX0_IRQHandler
                0x0000000008003938                USART3_IRQHandler
                0x0000000008003938                CAN1_RX1_IRQHandler
                0x0000000008003938                UART5_IRQHandler
                0x0000000008003938                DMA2_Stream0_IRQHandler
                0x0000000008003938                TIM4_IRQHandler
                0x0000000008003938                QUADSPI_IRQHandler
                0x0000000008003938                I2C1_EV_IRQHandler
                0x0000000008003938                DMA1_Stream6_IRQHandler
                0x0000000008003938                DMA1_Stream1_IRQHandler
                0x0000000008003938                UART4_IRQHandler
                0x0000000008003938                TIM3_IRQHandler
                0x0000000008003938                RCC_IRQHandler
                0x0000000008003938                TIM8_BRK_TIM12_IRQHandler
                0x0000000008003938                Default_Handler
                0x0000000008003938                CEC_IRQHandler
                0x0000000008003938                ADC_IRQHandler
                0x0000000008003938                DMA1_Stream7_IRQHandler
                0x0000000008003938                SPI5_IRQHandler
                0x0000000008003938                TIM7_IRQHandler
                0x0000000008003938                SDMMC1_IRQHandler
                0x0000000008003938                CAN2_TX_IRQHandler
                0x0000000008003938                TIM5_IRQHandler
                0x0000000008003938                DMA2_Stream7_IRQHandler
                0x0000000008003938                I2C3_EV_IRQHandler
                0x0000000008003938                RTC_WKUP_IRQHandler
                0x0000000008003938                LTDC_IRQHandler
                0x0000000008003938                ETH_WKUP_IRQHandler
                0x0000000008003938                SPDIF_RX_IRQHandler
                0x0000000008003938                SPI2_IRQHandler
                0x0000000008003938                OTG_HS_EP1_IN_IRQHandler
                0x0000000008003938                DMA1_Stream0_IRQHandler
                0x0000000008003938                CAN1_TX_IRQHandler
                0x0000000008003938                RNG_IRQHandler
                0x0000000008003938                ETH_IRQHandler
                0x0000000008003938                OTG_HS_EP1_OUT_IRQHandler
                0x0000000008003938                WWDG_IRQHandler
                0x0000000008003938                SPI6_IRQHandler
                0x0000000008003938                MDIOS_IRQHandler
                0x0000000008003938                I2C4_EV_IRQHandler
                0x0000000008003938                CAN3_TX_IRQHandler
                0x0000000008003938                TIM2_IRQHandler
                0x0000000008003938                OTG_FS_WKUP_IRQHandler
                0x0000000008003938                TIM1_TRG_COM_TIM11_IRQHandler
                0x0000000008003938                OTG_HS_IRQHandler
                0x0000000008003938                DMA2D_IRQHandler
                0x0000000008003938                EXTI1_IRQHandler
                0x0000000008003938                SDMMC2_IRQHandler
                0x0000000008003938                UART7_IRQHandler
                0x0000000008003938                DFSDM1_FLT0_IRQHandler
                0x0000000008003938                I2C2_ER_IRQHandler
                0x0000000008003938                DMA2_Stream1_IRQHandler
                0x0000000008003938                CAN1_SCE_IRQHandler
                0x0000000008003938                FLASH_IRQHandler
                0x0000000008003938                DMA2_Stream4_IRQHandler
                0x0000000008003938                OTG_FS_IRQHandler
                0x0000000008003938                SPI3_IRQHandler
                0x0000000008003938                DMA1_Stream4_IRQHandler
                0x0000000008003938                I2C1_ER_IRQHandler
                0x0000000008003938                FMC_IRQHandler
                0x0000000008003938                LPTIM1_IRQHandler
                0x0000000008003938                I2C4_ER_IRQHandler
                0x0000000008003938                DMA2_Stream6_IRQHandler
                0x0000000008003938                SAI1_IRQHandler
                0x0000000008003938                DMA1_Stream3_IRQHandler
 .text.HAL_Init
                0x000000000800393a       0x1a Drivers/STM32F7xx_HAL_Driver/Src/stm32f7xx_hal.o
                0x000000000800393a                HAL_Init
 .text.HAL_InitTick
                0x0000000008003954       0x60 Drivers/STM32F7xx_HAL_Driver/Src/stm32f7xx_hal.o
                0x0000000008003954                HAL_InitTick
 .text.HAL_IncTick
                0x00000000080039b4       0x28 Drivers/STM32F7xx_HAL_Driver/Src/stm32f7xx_hal.o
                0x00000000080039b4                HAL_IncTick
 .text.HAL_GetTick
                0x00000000080039dc       0x18 Drivers/STM32F7xx_HAL_Driver/Src/stm32f7xx_hal.o
                0x00000000080039dc                HAL_GetTick
 .text.HAL_Delay
                0x00000000080039f4       0x44 Drivers/STM32F7xx_HAL_Driver/Src/stm32f7xx_hal.o
                0x00000000080039f4                HAL_Delay
 .text.__NVIC_SetPriorityGrouping
                0x0000000008003a38       0x48 Drivers/STM32F7xx_HAL_Driver/Src/stm32f7xx_hal_cortex.o
 .text.__NVIC_GetPriorityGrouping
                0x0000000008003a80       0x1c Drivers/STM32F7xx_HAL_Driver/Src/stm32f7xx_hal_cortex.o
 .text.__NVIC_EnableIRQ
                0x0000000008003a9c       0x3c Drivers/STM32F7xx_HAL_Driver/Src/stm32f7xx_hal_cortex.o
 .text.__NVIC_SetPriority
                0x0000000008003ad8       0x54 Drivers/STM32F7xx_HAL_Driver/Src/stm32f7xx_hal_cortex.o
 .text.NVIC_EncodePriority
                0x0000000008003b2c       0x66 Drivers/STM32F7xx_HAL_Driver/Src/stm32f7xx_hal_cortex.o
 *fill*         0x0000000008003b92        0x2 
 .text.SysTick_Config
                0x0000000008003b94       0x44 Drivers/STM32F7xx_HAL_Driver/Src/stm32f7xx_hal_cortex.o
 .text.HAL_NVIC_SetPriorityGrouping
                0x0000000008003bd8       0x16 Drivers/STM32F7xx_HAL_Driver/Src/stm32f7xx_hal_cortex.o
                0x0000000008003bd8                HAL_NVIC_SetPriorityGrouping
 .text.HAL_NVIC_SetPriority
                0x0000000008003bee       0x38 Drivers/STM32F7xx_HAL_Driver/Src/stm32f7xx_hal_cortex.o
                0x0000000008003bee                HAL_NVIC_SetPriority
 .text.HAL_NVIC_EnableIRQ
                0x0000000008003c26       0x1c Drivers/STM32F7xx_HAL_Driver/Src/stm32f7xx_hal_cortex.o
                0x0000000008003c26                HAL_NVIC_EnableIRQ
 .text.HAL_SYSTICK_Config
                0x0000000008003c42       0x18 Drivers/STM32F7xx_HAL_Driver/Src/stm32f7xx_hal_cortex.o
                0x0000000008003c42                HAL_SYSTICK_Config
 *fill*         0x0000000008003c5a        0x2 
 .text.HAL_DMA_Init
                0x0000000008003c5c      0x15c Drivers/STM32F7xx_HAL_Driver/Src/stm32f7xx_hal_dma.o
                0x0000000008003c5c                HAL_DMA_Init
 .text.HAL_DMA_Start_IT
                0x0000000008003db8       0xc0 Drivers/STM32F7xx_HAL_Driver/Src/stm32f7xx_hal_dma.o
                0x0000000008003db8                HAL_DMA_Start_IT
 .text.HAL_DMA_Abort_IT
                0x0000000008003e78       0x44 Drivers/STM32F7xx_HAL_Driver/Src/stm32f7xx_hal_dma.o
                0x0000000008003e78                HAL_DMA_Abort_IT
 .text.HAL_DMA_IRQHandler
                0x0000000008003ebc      0x314 Drivers/STM32F7xx_HAL_Driver/Src/stm32f7xx_hal_dma.o
                0x0000000008003ebc                HAL_DMA_IRQHandler
 .text.DMA_SetConfig
                0x00000000080041d0       0x5c Drivers/STM32F7xx_HAL_Driver/Src/stm32f7xx_hal_dma.o
 .text.DMA_CalcBaseAndBitshift
                0x000000000800422c       0x6c Drivers/STM32F7xx_HAL_Driver/Src/stm32f7xx_hal_dma.o
 .text.DMA_CheckFifoParam
                0x0000000008004298       0xf4 Drivers/STM32F7xx_HAL_Driver/Src/stm32f7xx_hal_dma.o
 .text.HAL_GPIO_Init
                0x000000000800438c      0x354 Drivers/STM32F7xx_HAL_Driver/Src/stm32f7xx_hal_gpio.o
                0x000000000800438c                HAL_GPIO_Init
 .text.HAL_GPIO_ReadPin
                0x00000000080046e0       0x30 Drivers/STM32F7xx_HAL_Driver/Src/stm32f7xx_hal_gpio.o
                0x00000000080046e0                HAL_GPIO_ReadPin
 .text.HAL_GPIO_WritePin
                0x0000000008004710       0x32 Drivers/STM32F7xx_HAL_Driver/Src/stm32f7xx_hal_gpio.o
                0x0000000008004710                HAL_GPIO_WritePin
 .text.HAL_GPIO_TogglePin
                0x0000000008004742       0x36 Drivers/STM32F7xx_HAL_Driver/Src/stm32f7xx_hal_gpio.o
                0x0000000008004742                HAL_GPIO_TogglePin
 .text.HAL_GPIO_EXTI_IRQHandler
                0x0000000008004778       0x30 Drivers/STM32F7xx_HAL_Driver/Src/stm32f7xx_hal_gpio.o
                0x0000000008004778                HAL_GPIO_EXTI_IRQHandler
 .text.HAL_I2C_Init
                0x00000000080047a8      0x120 Drivers/STM32F7xx_HAL_Driver/Src/stm32f7xx_hal_i2c.o
                0x00000000080047a8                HAL_I2C_Init
 .text.HAL_I2C_Master_Transmit
                0x00000000080048c8      0x1e8 Drivers/STM32F7xx_HAL_Driver/Src/stm32f7xx_hal_i2c.o
                0x00000000080048c8                HAL_I2C_Master_Transmit
 .text.HAL_I2C_Mem_Read
                0x0000000008004ab0      0x234 Drivers/STM32F7xx_HAL_Driver/Src/stm32f7xx_hal_i2c.o
                0x0000000008004ab0                HAL_I2C_Mem_Read
 .text.I2C_RequestMemoryRead
                0x0000000008004ce4       0xa8 Drivers/STM32F7xx_HAL_Driver/Src/stm32f7xx_hal_i2c.o
 .text.I2C_Flush_TXDR
                0x0000000008004d8c       0x48 Drivers/STM32F7xx_HAL_Driver/Src/stm32f7xx_hal_i2c.o
 .text.I2C_WaitOnFlagUntilTimeout
                0x0000000008004dd4       0x80 Drivers/STM32F7xx_HAL_Driver/Src/stm32f7xx_hal_i2c.o
 .text.I2C_WaitOnTXISFlagUntilTimeout
                0x0000000008004e54       0x80 Drivers/STM32F7xx_HAL_Driver/Src/stm32f7xx_hal_i2c.o
 .text.I2C_WaitOnSTOPFlagUntilTimeout
                0x0000000008004ed4       0x78 Drivers/STM32F7xx_HAL_Driver/Src/stm32f7xx_hal_i2c.o
 .text.I2C_IsAcknowledgeFailed
                0x0000000008004f4c       0xcc Drivers/STM32F7xx_HAL_Driver/Src/stm32f7xx_hal_i2c.o
 .text.I2C_TransferConfig
                0x0000000008005018       0x5c Drivers/STM32F7xx_HAL_Driver/Src/stm32f7xx_hal_i2c.o
 .text.HAL_I2CEx_ConfigAnalogFilter
                0x0000000008005074       0x96 Drivers/STM32F7xx_HAL_Driver/Src/stm32f7xx_hal_i2c_ex.o
                0x0000000008005074                HAL_I2CEx_ConfigAnalogFilter
 .text.HAL_I2CEx_ConfigDigitalFilter
                0x000000000800510a       0x98 Drivers/STM32F7xx_HAL_Driver/Src/stm32f7xx_hal_i2c_ex.o
                0x000000000800510a                HAL_I2CEx_ConfigDigitalFilter
 *fill*         0x00000000080051a2        0x2 
 .text.HAL_PWREx_EnableOverDrive
                0x00000000080051a4       0xa0 Drivers/STM32F7xx_HAL_Driver/Src/stm32f7xx_hal_pwr_ex.o
                0x00000000080051a4                HAL_PWREx_EnableOverDrive
 .text.HAL_RCC_OscConfig
                0x0000000008005244      0x4e4 Drivers/STM32F7xx_HAL_Driver/Src/stm32f7xx_hal_rcc.o
                0x0000000008005244                HAL_RCC_OscConfig
 .text.HAL_RCC_ClockConfig
                0x0000000008005728      0x1d0 Drivers/STM32F7xx_HAL_Driver/Src/stm32f7xx_hal_rcc.o
                0x0000000008005728                HAL_RCC_ClockConfig
 .text.HAL_RCC_GetSysClockFreq
                0x00000000080058f8      0x164 Drivers/STM32F7xx_HAL_Driver/Src/stm32f7xx_hal_rcc.o
                0x00000000080058f8                HAL_RCC_GetSysClockFreq
 .text.HAL_RCC_GetHCLKFreq
                0x0000000008005a5c       0x18 Drivers/STM32F7xx_HAL_Driver/Src/stm32f7xx_hal_rcc.o
                0x0000000008005a5c                HAL_RCC_GetHCLKFreq
 .text.HAL_RCC_GetPCLK1Freq
                0x0000000008005a74       0x28 Drivers/STM32F7xx_HAL_Driver/Src/stm32f7xx_hal_rcc.o
                0x0000000008005a74                HAL_RCC_GetPCLK1Freq
 .text.HAL_RCC_GetPCLK2Freq
                0x0000000008005a9c       0x28 Drivers/STM32F7xx_HAL_Driver/Src/stm32f7xx_hal_rcc.o
                0x0000000008005a9c                HAL_RCC_GetPCLK2Freq
 .text.HAL_RCCEx_PeriphCLKConfig
                0x0000000008005ac4      0x84c Drivers/STM32F7xx_HAL_Driver/Src/stm32f7xx_hal_rcc_ex.o
                0x0000000008005ac4                HAL_RCCEx_PeriphCLKConfig
 .text.HAL_TIM_Base_Init
                0x0000000008006310       0x56 Drivers/STM32F7xx_HAL_Driver/Src/stm32f7xx_hal_tim.o
                0x0000000008006310                HAL_TIM_Base_Init
 *fill*         0x0000000008006366        0x2 
 .text.HAL_TIM_Base_Start_IT
                0x0000000008006368       0x54 Drivers/STM32F7xx_HAL_Driver/Src/stm32f7xx_hal_tim.o
                0x0000000008006368                HAL_TIM_Base_Start_IT
 .text.HAL_TIM_PWM_Init
                0x00000000080063bc       0x56 Drivers/STM32F7xx_HAL_Driver/Src/stm32f7xx_hal_tim.o
                0x00000000080063bc                HAL_TIM_PWM_Init
 .text.HAL_TIM_PWM_MspInit
                0x0000000008006412       0x14 Drivers/STM32F7xx_HAL_Driver/Src/stm32f7xx_hal_tim.o
                0x0000000008006412                HAL_TIM_PWM_MspInit
 *fill*         0x0000000008006426        0x2 
 .text.HAL_TIM_PWM_Start
                0x0000000008006428       0x88 Drivers/STM32F7xx_HAL_Driver/Src/stm32f7xx_hal_tim.o
                0x0000000008006428                HAL_TIM_PWM_Start
 .text.HAL_TIM_IRQHandler
                0x00000000080064b0      0x23e Drivers/STM32F7xx_HAL_Driver/Src/stm32f7xx_hal_tim.o
                0x00000000080064b0                HAL_TIM_IRQHandler
 *fill*         0x00000000080066ee        0x2 
 .text.HAL_TIM_PWM_ConfigChannel
                0x00000000080066f0      0x230 Drivers/STM32F7xx_HAL_Driver/Src/stm32f7xx_hal_tim.o
                0x00000000080066f0                HAL_TIM_PWM_ConfigChannel
 .text.HAL_TIM_ConfigClockSource
                0x0000000008006920      0x174 Drivers/STM32F7xx_HAL_Driver/Src/stm32f7xx_hal_tim.o
                0x0000000008006920                HAL_TIM_ConfigClockSource
 .text.HAL_TIM_PeriodElapsedCallback
                0x0000000008006a94       0x14 Drivers/STM32F7xx_HAL_Driver/Src/stm32f7xx_hal_tim.o
                0x0000000008006a94                HAL_TIM_PeriodElapsedCallback
 .text.HAL_TIM_OC_DelayElapsedCallback
                0x0000000008006aa8       0x14 Drivers/STM32F7xx_HAL_Driver/Src/stm32f7xx_hal_tim.o
                0x0000000008006aa8                HAL_TIM_OC_DelayElapsedCallback
 .text.HAL_TIM_IC_CaptureCallback
                0x0000000008006abc       0x14 Drivers/STM32F7xx_HAL_Driver/Src/stm32f7xx_hal_tim.o
                0x0000000008006abc                HAL_TIM_IC_CaptureCallback
 .text.HAL_TIM_PWM_PulseFinishedCallback
                0x0000000008006ad0       0x14 Drivers/STM32F7xx_HAL_Driver/Src/stm32f7xx_hal_tim.o
                0x0000000008006ad0                HAL_TIM_PWM_PulseFinishedCallback
 .text.HAL_TIM_TriggerCallback
                0x0000000008006ae4       0x14 Drivers/STM32F7xx_HAL_Driver/Src/stm32f7xx_hal_tim.o
                0x0000000008006ae4                HAL_TIM_TriggerCallback
 .text.TIM_Base_SetConfig
                0x0000000008006af8      0x140 Drivers/STM32F7xx_HAL_Driver/Src/stm32f7xx_hal_tim.o
                0x0000000008006af8                TIM_Base_SetConfig
 .text.TIM_OC1_SetConfig
                0x0000000008006c38       0xe4 Drivers/STM32F7xx_HAL_Driver/Src/stm32f7xx_hal_tim.o
 .text.TIM_OC2_SetConfig
                0x0000000008006d1c       0xf0 Drivers/STM32F7xx_HAL_Driver/Src/stm32f7xx_hal_tim.o
                0x0000000008006d1c                TIM_OC2_SetConfig
 .text.TIM_OC3_SetConfig
                0x0000000008006e0c       0xec Drivers/STM32F7xx_HAL_Driver/Src/stm32f7xx_hal_tim.o
 .text.TIM_OC4_SetConfig
                0x0000000008006ef8       0xb0 Drivers/STM32F7xx_HAL_Driver/Src/stm32f7xx_hal_tim.o
 .text.TIM_OC5_SetConfig
                0x0000000008006fa8       0xa4 Drivers/STM32F7xx_HAL_Driver/Src/stm32f7xx_hal_tim.o
 .text.TIM_OC6_SetConfig
                0x000000000800704c       0xa8 Drivers/STM32F7xx_HAL_Driver/Src/stm32f7xx_hal_tim.o
 .text.TIM_TI1_ConfigInputStage
                0x00000000080070f4       0x5e Drivers/STM32F7xx_HAL_Driver/Src/stm32f7xx_hal_tim.o
 .text.TIM_TI2_ConfigInputStage
                0x0000000008007152       0x60 Drivers/STM32F7xx_HAL_Driver/Src/stm32f7xx_hal_tim.o
 .text.TIM_ITRx_SetConfig
                0x00000000080071b2       0x36 Drivers/STM32F7xx_HAL_Driver/Src/stm32f7xx_hal_tim.o
 .text.TIM_ETR_SetConfig
                0x00000000080071e8       0x40 Drivers/STM32F7xx_HAL_Driver/Src/stm32f7xx_hal_tim.o
                0x00000000080071e8                TIM_ETR_SetConfig
 .text.TIM_CCxChannelCmd
                0x0000000008007228       0x4a Drivers/STM32F7xx_HAL_Driver/Src/stm32f7xx_hal_tim.o
                0x0000000008007228                TIM_CCxChannelCmd
 *fill*         0x0000000008007272        0x2 
 .text.HAL_TIMEx_MasterConfigSynchronization
                0x0000000008007274       0xb8 Drivers/STM32F7xx_HAL_Driver/Src/stm32f7xx_hal_tim_ex.o
                0x0000000008007274                HAL_TIMEx_MasterConfigSynchronization
 .text.HAL_TIMEx_ConfigBreakDeadTime
                0x000000000800732c       0xfc Drivers/STM32F7xx_HAL_Driver/Src/stm32f7xx_hal_tim_ex.o
                0x000000000800732c                HAL_TIMEx_ConfigBreakDeadTime
 .text.HAL_TIMEx_CommutCallback
                0x0000000008007428       0x14 Drivers/STM32F7xx_HAL_Driver/Src/stm32f7xx_hal_tim_ex.o
                0x0000000008007428                HAL_TIMEx_CommutCallback
 .text.HAL_TIMEx_BreakCallback
                0x000000000800743c       0x14 Drivers/STM32F7xx_HAL_Driver/Src/stm32f7xx_hal_tim_ex.o
                0x000000000800743c                HAL_TIMEx_BreakCallback
 .text.HAL_TIMEx_Break2Callback
                0x0000000008007450       0x14 Drivers/STM32F7xx_HAL_Driver/Src/stm32f7xx_hal_tim_ex.o
                0x0000000008007450                HAL_TIMEx_Break2Callback
 .text.HAL_UART_Init
                0x0000000008007464       0x9c Drivers/STM32F7xx_HAL_Driver/Src/stm32f7xx_hal_uart.o
                0x0000000008007464                HAL_UART_Init
 .text.HAL_UART_Receive_DMA
                0x0000000008007500      0x108 Drivers/STM32F7xx_HAL_Driver/Src/stm32f7xx_hal_uart.o
                0x0000000008007500                HAL_UART_Receive_DMA
 .text.HAL_UART_IRQHandler
                0x0000000008007608      0x238 Drivers/STM32F7xx_HAL_Driver/Src/stm32f7xx_hal_uart.o
                0x0000000008007608                HAL_UART_IRQHandler
 .text.HAL_UART_TxCpltCallback
                0x0000000008007840       0x14 Drivers/STM32F7xx_HAL_Driver/Src/stm32f7xx_hal_uart.o
                0x0000000008007840                HAL_UART_TxCpltCallback
 .text.HAL_UART_RxCpltCallback
                0x0000000008007854       0x14 Drivers/STM32F7xx_HAL_Driver/Src/stm32f7xx_hal_uart.o
                0x0000000008007854                HAL_UART_RxCpltCallback
 .text.HAL_UART_RxHalfCpltCallback
                0x0000000008007868       0x14 Drivers/STM32F7xx_HAL_Driver/Src/stm32f7xx_hal_uart.o
                0x0000000008007868                HAL_UART_RxHalfCpltCallback
 .text.HAL_UART_ErrorCallback
                0x000000000800787c       0x14 Drivers/STM32F7xx_HAL_Driver/Src/stm32f7xx_hal_uart.o
                0x000000000800787c                HAL_UART_ErrorCallback
 .text.UART_SetConfig
                0x0000000008007890      0x548 Drivers/STM32F7xx_HAL_Driver/Src/stm32f7xx_hal_uart.o
                0x0000000008007890                UART_SetConfig
 .text.UART_AdvFeatureConfig
                0x0000000008007dd8      0x144 Drivers/STM32F7xx_HAL_Driver/Src/stm32f7xx_hal_uart.o
                0x0000000008007dd8                UART_AdvFeatureConfig
 .text.UART_CheckIdleState
                0x0000000008007f1c       0x5e Drivers/STM32F7xx_HAL_Driver/Src/stm32f7xx_hal_uart.o
                0x0000000008007f1c                UART_CheckIdleState
 .text.UART_WaitOnFlagUntilTimeout
                0x0000000008007f7a       0x90 Drivers/STM32F7xx_HAL_Driver/Src/stm32f7xx_hal_uart.o
                0x0000000008007f7a                UART_WaitOnFlagUntilTimeout
 .text.UART_EndTxTransfer
                0x000000000800800a       0x2a Drivers/STM32F7xx_HAL_Driver/Src/stm32f7xx_hal_uart.o
 .text.UART_EndRxTransfer
                0x0000000008008034       0x40 Drivers/STM32F7xx_HAL_Driver/Src/stm32f7xx_hal_uart.o
 .text.UART_DMAReceiveCplt
                0x0000000008008074       0x64 Drivers/STM32F7xx_HAL_Driver/Src/stm32f7xx_hal_uart.o
 .text.UART_DMARxHalfCplt
                0x00000000080080d8       0x1c Drivers/STM32F7xx_HAL_Driver/Src/stm32f7xx_hal_uart.o
 .text.UART_DMAError
                0x00000000080080f4       0x78 Drivers/STM32F7xx_HAL_Driver/Src/stm32f7xx_hal_uart.o
 .text.UART_DMAAbortOnError
                0x000000000800816c       0x2c Drivers/STM32F7xx_HAL_Driver/Src/stm32f7xx_hal_uart.o
 .text.UART_EndTransmit_IT
                0x0000000008008198       0x32 Drivers/STM32F7xx_HAL_Driver/Src/stm32f7xx_hal_uart.o
 *fill*         0x00000000080081ca        0x2 
 .text.__errno  0x00000000080081cc        0xc c:/st/stm32cubeide_1.2.0/stm32cubeide/plugins/com.st.stm32cube.ide.mcu.externaltools.gnu-tools-for-stm32.7-2018-q2-update.win32_1.0.0.201904181610/tools/bin/../lib/gcc/arm-none-eabi/7.3.1/../../../../arm-none-eabi/lib/thumb/v7e-m/fpv5/hard\libc_nano.a(lib_a-errno.o)
                0x00000000080081cc                __errno
 .text.__libc_init_array
                0x00000000080081d8       0x48 c:/st/stm32cubeide_1.2.0/stm32cubeide/plugins/com.st.stm32cube.ide.mcu.externaltools.gnu-tools-for-stm32.7-2018-q2-update.win32_1.0.0.201904181610/tools/bin/../lib/gcc/arm-none-eabi/7.3.1/../../../../arm-none-eabi/lib/thumb/v7e-m/fpv5/hard\libc_nano.a(lib_a-init.o)
                0x00000000080081d8                __libc_init_array
 .text.memset   0x0000000008008220       0x10 c:/st/stm32cubeide_1.2.0/stm32cubeide/plugins/com.st.stm32cube.ide.mcu.externaltools.gnu-tools-for-stm32.7-2018-q2-update.win32_1.0.0.201904181610/tools/bin/../lib/gcc/arm-none-eabi/7.3.1/../../../../arm-none-eabi/lib/thumb/v7e-m/fpv5/hard\libc_nano.a(lib_a-memset.o)
                0x0000000008008220                memset
 .text.sprintf  0x0000000008008230       0x40 c:/st/stm32cubeide_1.2.0/stm32cubeide/plugins/com.st.stm32cube.ide.mcu.externaltools.gnu-tools-for-stm32.7-2018-q2-update.win32_1.0.0.201904181610/tools/bin/../lib/gcc/arm-none-eabi/7.3.1/../../../../arm-none-eabi/lib/thumb/v7e-m/fpv5/hard\libc_nano.a(lib_a-sprintf.o)
                0x0000000008008230                siprintf
                0x0000000008008230                sprintf
 .text.__ssputs_r
                0x0000000008008270       0xb4 c:/st/stm32cubeide_1.2.0/stm32cubeide/plugins/com.st.stm32cube.ide.mcu.externaltools.gnu-tools-for-stm32.7-2018-q2-update.win32_1.0.0.201904181610/tools/bin/../lib/gcc/arm-none-eabi/7.3.1/../../../../arm-none-eabi/lib/thumb/v7e-m/fpv5/hard\libc_nano.a(lib_a-nano-svfprintf.o)
                0x0000000008008270                __ssputs_r
 .text._svfprintf_r
                0x0000000008008324      0x1f0 c:/st/stm32cubeide_1.2.0/stm32cubeide/plugins/com.st.stm32cube.ide.mcu.externaltools.gnu-tools-for-stm32.7-2018-q2-update.win32_1.0.0.201904181610/tools/bin/../lib/gcc/arm-none-eabi/7.3.1/../../../../arm-none-eabi/lib/thumb/v7e-m/fpv5/hard\libc_nano.a(lib_a-nano-svfprintf.o)
                0x0000000008008324                _svfiprintf_r
                0x0000000008008324                _svfprintf_r
 .text._printf_common
                0x0000000008008514       0xea c:/st/stm32cubeide_1.2.0/stm32cubeide/plugins/com.st.stm32cube.ide.mcu.externaltools.gnu-tools-for-stm32.7-2018-q2-update.win32_1.0.0.201904181610/tools/bin/../lib/gcc/arm-none-eabi/7.3.1/../../../../arm-none-eabi/lib/thumb/v7e-m/fpv5/hard\libc_nano.a(lib_a-nano-vfprintf_i.o)
                0x0000000008008514                _printf_common
 *fill*         0x00000000080085fe        0x2 
 .text._printf_i
                0x0000000008008600      0x224 c:/st/stm32cubeide_1.2.0/stm32cubeide/plugins/com.st.stm32cube.ide.mcu.externaltools.gnu-tools-for-stm32.7-2018-q2-update.win32_1.0.0.201904181610/tools/bin/../lib/gcc/arm-none-eabi/7.3.1/../../../../arm-none-eabi/lib/thumb/v7e-m/fpv5/hard\libc_nano.a(lib_a-nano-vfprintf_i.o)
                0x0000000008008600                _printf_i
 .text.memcpy   0x0000000008008824       0x16 c:/st/stm32cubeide_1.2.0/stm32cubeide/plugins/com.st.stm32cube.ide.mcu.externaltools.gnu-tools-for-stm32.7-2018-q2-update.win32_1.0.0.201904181610/tools/bin/../lib/gcc/arm-none-eabi/7.3.1/../../../../arm-none-eabi/lib/thumb/v7e-m/fpv5/hard\libc_nano.a(lib_a-memcpy-stub.o)
                0x0000000008008824                memcpy
 .text.memmove  0x000000000800883a       0x32 c:/st/stm32cubeide_1.2.0/stm32cubeide/plugins/com.st.stm32cube.ide.mcu.externaltools.gnu-tools-for-stm32.7-2018-q2-update.win32_1.0.0.201904181610/tools/bin/../lib/gcc/arm-none-eabi/7.3.1/../../../../arm-none-eabi/lib/thumb/v7e-m/fpv5/hard\libc_nano.a(lib_a-memmove.o)
                0x000000000800883a                memmove
 .text._free_r  0x000000000800886c       0x9c c:/st/stm32cubeide_1.2.0/stm32cubeide/plugins/com.st.stm32cube.ide.mcu.externaltools.gnu-tools-for-stm32.7-2018-q2-update.win32_1.0.0.201904181610/tools/bin/../lib/gcc/arm-none-eabi/7.3.1/../../../../arm-none-eabi/lib/thumb/v7e-m/fpv5/hard\libc_nano.a(lib_a-nano-freer.o)
                0x000000000800886c                _free_r
 .text._malloc_r
                0x0000000008008908       0xb4 c:/st/stm32cubeide_1.2.0/stm32cubeide/plugins/com.st.stm32cube.ide.mcu.externaltools.gnu-tools-for-stm32.7-2018-q2-update.win32_1.0.0.201904181610/tools/bin/../lib/gcc/arm-none-eabi/7.3.1/../../../../arm-none-eabi/lib/thumb/v7e-m/fpv5/hard\libc_nano.a(lib_a-nano-mallocr.o)
                0x0000000008008908                _malloc_r
 .text._realloc_r
                0x00000000080089bc       0x4c c:/st/stm32cubeide_1.2.0/stm32cubeide/plugins/com.st.stm32cube.ide.mcu.externaltools.gnu-tools-for-stm32.7-2018-q2-update.win32_1.0.0.201904181610/tools/bin/../lib/gcc/arm-none-eabi/7.3.1/../../../../arm-none-eabi/lib/thumb/v7e-m/fpv5/hard\libc_nano.a(lib_a-nano-reallocr.o)
                0x00000000080089bc                _realloc_r
 .text._sbrk_r  0x0000000008008a08       0x20 c:/st/stm32cubeide_1.2.0/stm32cubeide/plugins/com.st.stm32cube.ide.mcu.externaltools.gnu-tools-for-stm32.7-2018-q2-update.win32_1.0.0.201904181610/tools/bin/../lib/gcc/arm-none-eabi/7.3.1/../../../../arm-none-eabi/lib/thumb/v7e-m/fpv5/hard\libc_nano.a(lib_a-sbrkr.o)
                0x0000000008008a08                _sbrk_r
 .text.__malloc_lock
                0x0000000008008a28        0x2 c:/st/stm32cubeide_1.2.0/stm32cubeide/plugins/com.st.stm32cube.ide.mcu.externaltools.gnu-tools-for-stm32.7-2018-q2-update.win32_1.0.0.201904181610/tools/bin/../lib/gcc/arm-none-eabi/7.3.1/../../../../arm-none-eabi/lib/thumb/v7e-m/fpv5/hard\libc_nano.a(lib_a-mlock.o)
                0x0000000008008a28                __malloc_lock
 .text.__malloc_unlock
                0x0000000008008a2a        0x2 c:/st/stm32cubeide_1.2.0/stm32cubeide/plugins/com.st.stm32cube.ide.mcu.externaltools.gnu-tools-for-stm32.7-2018-q2-update.win32_1.0.0.201904181610/tools/bin/../lib/gcc/arm-none-eabi/7.3.1/../../../../arm-none-eabi/lib/thumb/v7e-m/fpv5/hard\libc_nano.a(lib_a-mlock.o)
                0x0000000008008a2a                __malloc_unlock
 .text._malloc_usable_size_r
                0x0000000008008a2c       0x10 c:/st/stm32cubeide_1.2.0/stm32cubeide/plugins/com.st.stm32cube.ide.mcu.externaltools.gnu-tools-for-stm32.7-2018-q2-update.win32_1.0.0.201904181610/tools/bin/../lib/gcc/arm-none-eabi/7.3.1/../../../../arm-none-eabi/lib/thumb/v7e-m/fpv5/hard\libc_nano.a(lib_a-nano-msizer.o)
                0x0000000008008a2c                _malloc_usable_size_r
 *(.glue_7)
 .glue_7        0x0000000008008a3c        0x0 linker stubs
 *(.glue_7t)
 .glue_7t       0x0000000008008a3c        0x0 linker stubs
 *(.eh_frame)
 .eh_frame      0x0000000008008a3c        0x0 c:/st/stm32cubeide_1.2.0/stm32cubeide/plugins/com.st.stm32cube.ide.mcu.externaltools.gnu-tools-for-stm32.7-2018-q2-update.win32_1.0.0.201904181610/tools/bin/../lib/gcc/arm-none-eabi/7.3.1/thumb/v7e-m/fpv5/hard/crtbegin.o
 *(.init)
 .init          0x0000000008008a3c        0x4 c:/st/stm32cubeide_1.2.0/stm32cubeide/plugins/com.st.stm32cube.ide.mcu.externaltools.gnu-tools-for-stm32.7-2018-q2-update.win32_1.0.0.201904181610/tools/bin/../lib/gcc/arm-none-eabi/7.3.1/thumb/v7e-m/fpv5/hard/crti.o
                0x0000000008008a3c                _init
 .init          0x0000000008008a40        0x8 c:/st/stm32cubeide_1.2.0/stm32cubeide/plugins/com.st.stm32cube.ide.mcu.externaltools.gnu-tools-for-stm32.7-2018-q2-update.win32_1.0.0.201904181610/tools/bin/../lib/gcc/arm-none-eabi/7.3.1/thumb/v7e-m/fpv5/hard/crtn.o
 *(.fini)
 .fini          0x0000000008008a48        0x4 c:/st/stm32cubeide_1.2.0/stm32cubeide/plugins/com.st.stm32cube.ide.mcu.externaltools.gnu-tools-for-stm32.7-2018-q2-update.win32_1.0.0.201904181610/tools/bin/../lib/gcc/arm-none-eabi/7.3.1/thumb/v7e-m/fpv5/hard/crti.o
                0x0000000008008a48                _fini
 .fini          0x0000000008008a4c        0x8 c:/st/stm32cubeide_1.2.0/stm32cubeide/plugins/com.st.stm32cube.ide.mcu.externaltools.gnu-tools-for-stm32.7-2018-q2-update.win32_1.0.0.201904181610/tools/bin/../lib/gcc/arm-none-eabi/7.3.1/thumb/v7e-m/fpv5/hard/crtn.o
                0x0000000008008a54                . = ALIGN (0x4)
                0x0000000008008a54                _etext = .

.vfp11_veneer   0x0000000008008a54        0x0
 .vfp11_veneer  0x0000000008008a54        0x0 linker stubs

.v4_bx          0x0000000008008a54        0x0
 .v4_bx         0x0000000008008a54        0x0 linker stubs

.iplt           0x0000000008008a54        0x0
 .iplt          0x0000000008008a54        0x0 c:/st/stm32cubeide_1.2.0/stm32cubeide/plugins/com.st.stm32cube.ide.mcu.externaltools.gnu-tools-for-stm32.7-2018-q2-update.win32_1.0.0.201904181610/tools/bin/../lib/gcc/arm-none-eabi/7.3.1/thumb/v7e-m/fpv5/hard/crtbegin.o

.rodata         0x0000000008008a54       0xe8
                0x0000000008008a54                . = ALIGN (0x4)
 *(.rodata)
 .rodata        0x0000000008008a54       0x91 Core/Src/main.o
 *(.rodata*)
 *fill*         0x0000000008008ae5        0x3 
 .rodata.AHBPrescTable
                0x0000000008008ae8       0x10 Core/Src/system_stm32f7xx.o
                0x0000000008008ae8                AHBPrescTable
 .rodata.APBPrescTable
                0x0000000008008af8        0x8 Core/Src/system_stm32f7xx.o
                0x0000000008008af8                APBPrescTable
 .rodata.flagBitshiftOffset.8920
                0x0000000008008b00        0x8 Drivers/STM32F7xx_HAL_Driver/Src/stm32f7xx_hal_dma.o
 .rodata._svfprintf_r.str1.1
                0x0000000008008b08       0x11 c:/st/stm32cubeide_1.2.0/stm32cubeide/plugins/com.st.stm32cube.ide.mcu.externaltools.gnu-tools-for-stm32.7-2018-q2-update.win32_1.0.0.201904181610/tools/bin/../lib/gcc/arm-none-eabi/7.3.1/../../../../arm-none-eabi/lib/thumb/v7e-m/fpv5/hard\libc_nano.a(lib_a-nano-svfprintf.o)
 .rodata._printf_i.str1.1
                0x0000000008008b19       0x22 c:/st/stm32cubeide_1.2.0/stm32cubeide/plugins/com.st.stm32cube.ide.mcu.externaltools.gnu-tools-for-stm32.7-2018-q2-update.win32_1.0.0.201904181610/tools/bin/../lib/gcc/arm-none-eabi/7.3.1/../../../../arm-none-eabi/lib/thumb/v7e-m/fpv5/hard\libc_nano.a(lib_a-nano-vfprintf_i.o)
                0x0000000008008b3c                . = ALIGN (0x4)
 *fill*         0x0000000008008b3b        0x1 

.ARM.extab      0x0000000008008b3c        0x0
                0x0000000008008b3c                . = ALIGN (0x4)
 *(.ARM.extab* .gnu.linkonce.armextab.*)
                0x0000000008008b3c                . = ALIGN (0x4)

.ARM            0x0000000008008b3c        0x8
                0x0000000008008b3c                . = ALIGN (0x4)
                0x0000000008008b3c                __exidx_start = .
 *(.ARM.exidx*)
 .ARM.exidx     0x0000000008008b3c        0x8 c:/st/stm32cubeide_1.2.0/stm32cubeide/plugins/com.st.stm32cube.ide.mcu.externaltools.gnu-tools-for-stm32.7-2018-q2-update.win32_1.0.0.201904181610/tools/bin/../lib/gcc/arm-none-eabi/7.3.1/thumb/v7e-m/fpv5/hard\libgcc.a(_udivmoddi4.o)
                0x0000000008008b44                __exidx_end = .
                0x0000000008008b44                . = ALIGN (0x4)

.rel.dyn        0x0000000008008b44        0x0
 .rel.iplt      0x0000000008008b44        0x0 c:/st/stm32cubeide_1.2.0/stm32cubeide/plugins/com.st.stm32cube.ide.mcu.externaltools.gnu-tools-for-stm32.7-2018-q2-update.win32_1.0.0.201904181610/tools/bin/../lib/gcc/arm-none-eabi/7.3.1/thumb/v7e-m/fpv5/hard/crtbegin.o

.preinit_array  0x0000000008008b44        0x0
                0x0000000008008b44                . = ALIGN (0x4)
                0x0000000008008b44                PROVIDE (__preinit_array_start = .)
 *(.preinit_array*)
                0x0000000008008b44                PROVIDE (__preinit_array_end = .)
                0x0000000008008b44                . = ALIGN (0x4)

.init_array     0x0000000008008b44        0x4
                0x0000000008008b44                . = ALIGN (0x4)
                0x0000000008008b44                PROVIDE (__init_array_start = .)
 *(SORT_BY_NAME(.init_array.*))
 *(.init_array*)
 .init_array    0x0000000008008b44        0x4 c:/st/stm32cubeide_1.2.0/stm32cubeide/plugins/com.st.stm32cube.ide.mcu.externaltools.gnu-tools-for-stm32.7-2018-q2-update.win32_1.0.0.201904181610/tools/bin/../lib/gcc/arm-none-eabi/7.3.1/thumb/v7e-m/fpv5/hard/crtbegin.o
                0x0000000008008b48                PROVIDE (__init_array_end = .)
                0x0000000008008b48                . = ALIGN (0x4)

.fini_array     0x0000000008008b48        0x4
                0x0000000008008b48                . = ALIGN (0x4)
                [!provide]                        PROVIDE (__fini_array_start = .)
 *(SORT_BY_NAME(.fini_array.*))
 *(.fini_array*)
 .fini_array    0x0000000008008b48        0x4 c:/st/stm32cubeide_1.2.0/stm32cubeide/plugins/com.st.stm32cube.ide.mcu.externaltools.gnu-tools-for-stm32.7-2018-q2-update.win32_1.0.0.201904181610/tools/bin/../lib/gcc/arm-none-eabi/7.3.1/thumb/v7e-m/fpv5/hard/crtbegin.o
                [!provide]                        PROVIDE (__fini_array_end = .)
                0x0000000008008b4c                . = ALIGN (0x4)
                0x0000000008008b4c                _sidata = LOADADDR (.data)

.data           0x0000000020000000       0x80 load address 0x0000000008008b4c
                0x0000000020000000                . = ALIGN (0x4)
                0x0000000020000000                _sdata = .
 *(.data)
 *(.data*)
 .data.speed    0x0000000020000000        0x2 Core/Src/main.o
                0x0000000020000000                speed
 .data.B_dash   0x0000000020000002        0x1 Core/Src/main.o
                0x0000000020000002                B_dash
 *fill*         0x0000000020000003        0x1 
 .data.servo1_kakudo
                0x0000000020000004        0x2 Core/Src/main.o
                0x0000000020000004                servo1_kakudo
 .data.servo2_kakudo
                0x0000000020000006        0x2 Core/Src/main.o
                0x0000000020000006                servo2_kakudo
 .data.servo3_kakudo
                0x0000000020000008        0x2 Core/Src/main.o
                0x0000000020000008                servo3_kakudo
 .data.servo5_kakudo
                0x000000002000000a        0x2 Core/Src/main.o
                0x000000002000000a                servo5_kakudo
 .data.servo6_kakudo
                0x000000002000000c        0x2 Core/Src/main.o
                0x000000002000000c                servo6_kakudo
 *fill*         0x000000002000000e        0x2 
 .data.SystemCoreClock
                0x0000000020000010        0x4 Core/Src/system_stm32f7xx.o
                0x0000000020000010                SystemCoreClock
 .data.uwTickPrio
                0x0000000020000014        0x4 Drivers/STM32F7xx_HAL_Driver/Src/stm32f7xx_hal.o
                0x0000000020000014                uwTickPrio
 .data.uwTickFreq
                0x0000000020000018        0x1 Drivers/STM32F7xx_HAL_Driver/Src/stm32f7xx_hal.o
                0x0000000020000018                uwTickFreq
 *fill*         0x0000000020000019        0x3 
 .data._impure_ptr
                0x000000002000001c        0x4 c:/st/stm32cubeide_1.2.0/stm32cubeide/plugins/com.st.stm32cube.ide.mcu.externaltools.gnu-tools-for-stm32.7-2018-q2-update.win32_1.0.0.201904181610/tools/bin/../lib/gcc/arm-none-eabi/7.3.1/../../../../arm-none-eabi/lib/thumb/v7e-m/fpv5/hard\libc_nano.a(lib_a-impure.o)
                0x000000002000001c                _impure_ptr
 .data.impure_data
                0x0000000020000020       0x60 c:/st/stm32cubeide_1.2.0/stm32cubeide/plugins/com.st.stm32cube.ide.mcu.externaltools.gnu-tools-for-stm32.7-2018-q2-update.win32_1.0.0.201904181610/tools/bin/../lib/gcc/arm-none-eabi/7.3.1/../../../../arm-none-eabi/lib/thumb/v7e-m/fpv5/hard\libc_nano.a(lib_a-impure.o)
                0x0000000020000080                . = ALIGN (0x4)
                0x0000000020000080                _edata = .

.igot.plt       0x0000000020000080        0x0 load address 0x0000000008008bcc
 .igot.plt      0x0000000020000080        0x0 c:/st/stm32cubeide_1.2.0/stm32cubeide/plugins/com.st.stm32cube.ide.mcu.externaltools.gnu-tools-for-stm32.7-2018-q2-update.win32_1.0.0.201904181610/tools/bin/../lib/gcc/arm-none-eabi/7.3.1/thumb/v7e-m/fpv5/hard/crtbegin.o
                0x0000000020000080                . = ALIGN (0x4)

.bss            0x0000000020000080      0x4d4 load address 0x0000000008008bcc
                0x0000000020000080                _sbss = .
                0x0000000020000080                __bss_start__ = _sbss
 *(.bss)
 .bss           0x0000000020000080       0x1c c:/st/stm32cubeide_1.2.0/stm32cubeide/plugins/com.st.stm32cube.ide.mcu.externaltools.gnu-tools-for-stm32.7-2018-q2-update.win32_1.0.0.201904181610/tools/bin/../lib/gcc/arm-none-eabi/7.3.1/thumb/v7e-m/fpv5/hard/crtbegin.o
 *(.bss*)
 .bss.SW_1      0x000000002000009c        0x1 Core/Src/main.o
                0x000000002000009c                SW_1
 .bss.SW_2      0x000000002000009d        0x1 Core/Src/main.o
                0x000000002000009d                SW_2
 .bss.SW_3      0x000000002000009e        0x1 Core/Src/main.o
                0x000000002000009e                SW_3
 .bss.SW_4      0x000000002000009f        0x1 Core/Src/main.o
                0x000000002000009f                SW_4
 .bss.LS_1      0x00000000200000a0        0x1 Core/Src/main.o
                0x00000000200000a0                LS_1
 .bss.LS_2      0x00000000200000a1        0x1 Core/Src/main.o
                0x00000000200000a1                LS_2
 .bss.LS_3      0x00000000200000a2        0x1 Core/Src/main.o
                0x00000000200000a2                LS_3
 .bss.RST       0x00000000200000a3        0x1 Core/Src/main.o
                0x00000000200000a3                RST
 .bss.test_speed
                0x00000000200000a4        0x2 Core/Src/main.o
                0x00000000200000a4                test_speed
 .bss.seigyoR   0x00000000200000a6        0x2 Core/Src/main.o
                0x00000000200000a6                seigyoR
 .bss.seigyoL   0x00000000200000a8        0x2 Core/Src/main.o
                0x00000000200000a8                seigyoL
 .bss.houi_rot  0x00000000200000aa        0x2 Core/Src/main.o
                0x00000000200000aa                houi_rot
 .bss.heap_end.6424
                0x00000000200000ac        0x4 Core/Src/sysmem.o
 .bss.__malloc_free_list
                0x00000000200000b0        0x4 c:/st/stm32cubeide_1.2.0/stm32cubeide/plugins/com.st.stm32cube.ide.mcu.externaltools.gnu-tools-for-stm32.7-2018-q2-update.win32_1.0.0.201904181610/tools/bin/../lib/gcc/arm-none-eabi/7.3.1/../../../../arm-none-eabi/lib/thumb/v7e-m/fpv5/hard\libc_nano.a(lib_a-nano-mallocr.o)
                0x00000000200000b0                __malloc_free_list
 .bss.__malloc_sbrk_start
                0x00000000200000b4        0x4 c:/st/stm32cubeide_1.2.0/stm32cubeide/plugins/com.st.stm32cube.ide.mcu.externaltools.gnu-tools-for-stm32.7-2018-q2-update.win32_1.0.0.201904181610/tools/bin/../lib/gcc/arm-none-eabi/7.3.1/../../../../arm-none-eabi/lib/thumb/v7e-m/fpv5/hard\libc_nano.a(lib_a-nano-mallocr.o)
                0x00000000200000b4                __malloc_sbrk_start
 *(COMMON)
 COMMON         0x00000000200000b8        0x4 Core/Src/JY901.o
                0x00000000200000b8                JY901_I2C
 COMMON         0x00000000200000bc        0x4 Core/Src/SO1602A.o
                0x00000000200000bc                oled_I2C
 COMMON         0x00000000200000c0      0x48c Core/Src/main.o
                0x00000000200000c0                rxbuf
                0x00000000200000c4                hdma_usart2_rx
                0x0000000020000124                str_5
                0x0000000020000128                htim8
                0x0000000020000168                htim4
                0x00000000200001a8                str_7
                0x00000000200001ac                htim10
                0x00000000200001ec                hi2c2
                0x0000000020000238                status_1
                0x000000002000023c                htim5
                0x000000002000027c                htim3
                0x00000000200002bc                str_3
                0x00000000200002c0                str_6
                0x00000000200002c4                hdma_usart1_rx
                0x0000000020000324                huart1
                0x00000000200003a4                status_2
                0x00000000200003a8                houi
                0x00000000200003ac                str_1
                0x00000000200003b4                htim6
                0x00000000200003f4                htim1
                0x0000000020000434                str_2
                0x0000000020000438                htim9
                0x0000000020000478                str_4
                0x000000002000047c                htim2
                0x00000000200004bc                huart2
                0x000000002000053c                str
                0x0000000020000546                status_3
                0x0000000020000548                houi_def
 COMMON         0x000000002000054c        0x4 Drivers/STM32F7xx_HAL_Driver/Src/stm32f7xx_hal.o
                0x000000002000054c                uwTick
 COMMON         0x0000000020000550        0x4 c:/st/stm32cubeide_1.2.0/stm32cubeide/plugins/com.st.stm32cube.ide.mcu.externaltools.gnu-tools-for-stm32.7-2018-q2-update.win32_1.0.0.201904181610/tools/bin/../lib/gcc/arm-none-eabi/7.3.1/../../../../arm-none-eabi/lib/thumb/v7e-m/fpv5/hard\libc_nano.a(lib_a-reent.o)
                0x0000000020000550                errno
                0x0000000020000554                . = ALIGN (0x4)
                0x0000000020000554                _ebss = .
                0x0000000020000554                __bss_end__ = _ebss

._user_heap_stack
                0x0000000020000554      0x604 load address 0x0000000008008bcc
                0x0000000020000558                . = ALIGN (0x8)
 *fill*         0x0000000020000554        0x4 
                0x0000000020000558                PROVIDE (end = .)
                [!provide]                        PROVIDE (_end = .)
                0x0000000020000758                . = (. + _Min_Heap_Size)
 *fill*         0x0000000020000558      0x200 
                0x0000000020000b58                . = (. + _Min_Stack_Size)
 *fill*         0x0000000020000758      0x400 
                0x0000000020000b58                . = ALIGN (0x8)

/DISCARD/
 libc.a(*)
 libm.a(*)
 libgcc.a(*)

.ARM.attributes
                0x0000000000000000       0x2e
 *(.ARM.attributes)
 .ARM.attributes
                0x0000000000000000       0x20 c:/st/stm32cubeide_1.2.0/stm32cubeide/plugins/com.st.stm32cube.ide.mcu.externaltools.gnu-tools-for-stm32.7-2018-q2-update.win32_1.0.0.201904181610/tools/bin/../lib/gcc/arm-none-eabi/7.3.1/thumb/v7e-m/fpv5/hard/crti.o
 .ARM.attributes
                0x0000000000000020       0x32 c:/st/stm32cubeide_1.2.0/stm32cubeide/plugins/com.st.stm32cube.ide.mcu.externaltools.gnu-tools-for-stm32.7-2018-q2-update.win32_1.0.0.201904181610/tools/bin/../lib/gcc/arm-none-eabi/7.3.1/thumb/v7e-m/fpv5/hard/crtbegin.o
 .ARM.attributes
                0x0000000000000052       0x37 Core/Src/JY901.o
 .ARM.attributes
                0x0000000000000089       0x37 Core/Src/SO1602A.o
 .ARM.attributes
                0x00000000000000c0       0x37 Core/Src/main.o
 .ARM.attributes
                0x00000000000000f7       0x37 Core/Src/mecanum.o
 .ARM.attributes
                0x000000000000012e       0x37 Core/Src/stm32f7xx_hal_msp.o
 .ARM.attributes
                0x0000000000000165       0x37 Core/Src/stm32f7xx_it.o
 .ARM.attributes
                0x000000000000019c       0x37 Core/Src/sysmem.o
 .ARM.attributes
                0x00000000000001d3       0x37 Core/Src/system_stm32f7xx.o
 .ARM.attributes
                0x000000000000020a       0x21 Core/Startup/startup_stm32f767zitx.o
 .ARM.attributes
                0x000000000000022b       0x37 Drivers/STM32F7xx_HAL_Driver/Src/stm32f7xx_hal.o
 .ARM.attributes
                0x0000000000000262       0x37 Drivers/STM32F7xx_HAL_Driver/Src/stm32f7xx_hal_cortex.o
 .ARM.attributes
                0x0000000000000299       0x37 Drivers/STM32F7xx_HAL_Driver/Src/stm32f7xx_hal_dma.o
 .ARM.attributes
                0x00000000000002d0       0x37 Drivers/STM32F7xx_HAL_Driver/Src/stm32f7xx_hal_gpio.o
 .ARM.attributes
                0x0000000000000307       0x37 Drivers/STM32F7xx_HAL_Driver/Src/stm32f7xx_hal_i2c.o
 .ARM.attributes
                0x000000000000033e       0x37 Drivers/STM32F7xx_HAL_Driver/Src/stm32f7xx_hal_i2c_ex.o
 .ARM.attributes
                0x0000000000000375       0x37 Drivers/STM32F7xx_HAL_Driver/Src/stm32f7xx_hal_pwr_ex.o
 .ARM.attributes
                0x00000000000003ac       0x37 Drivers/STM32F7xx_HAL_Driver/Src/stm32f7xx_hal_rcc.o
 .ARM.attributes
                0x00000000000003e3       0x37 Drivers/STM32F7xx_HAL_Driver/Src/stm32f7xx_hal_rcc_ex.o
 .ARM.attributes
                0x000000000000041a       0x37 Drivers/STM32F7xx_HAL_Driver/Src/stm32f7xx_hal_tim.o
 .ARM.attributes
                0x0000000000000451       0x37 Drivers/STM32F7xx_HAL_Driver/Src/stm32f7xx_hal_tim_ex.o
 .ARM.attributes
                0x0000000000000488       0x37 Drivers/STM32F7xx_HAL_Driver/Src/stm32f7xx_hal_uart.o
 .ARM.attributes
                0x00000000000004bf       0x32 c:/st/stm32cubeide_1.2.0/stm32cubeide/plugins/com.st.stm32cube.ide.mcu.externaltools.gnu-tools-for-stm32.7-2018-q2-update.win32_1.0.0.201904181610/tools/bin/../lib/gcc/arm-none-eabi/7.3.1/../../../../arm-none-eabi/lib/thumb/v7e-m/fpv5/hard\libc_nano.a(lib_a-errno.o)
 .ARM.attributes
                0x00000000000004f1       0x32 c:/st/stm32cubeide_1.2.0/stm32cubeide/plugins/com.st.stm32cube.ide.mcu.externaltools.gnu-tools-for-stm32.7-2018-q2-update.win32_1.0.0.201904181610/tools/bin/../lib/gcc/arm-none-eabi/7.3.1/../../../../arm-none-eabi/lib/thumb/v7e-m/fpv5/hard\libc_nano.a(lib_a-impure.o)
 .ARM.attributes
                0x0000000000000523       0x32 c:/st/stm32cubeide_1.2.0/stm32cubeide/plugins/com.st.stm32cube.ide.mcu.externaltools.gnu-tools-for-stm32.7-2018-q2-update.win32_1.0.0.201904181610/tools/bin/../lib/gcc/arm-none-eabi/7.3.1/../../../../arm-none-eabi/lib/thumb/v7e-m/fpv5/hard\libc_nano.a(lib_a-init.o)
 .ARM.attributes
                0x0000000000000555       0x32 c:/st/stm32cubeide_1.2.0/stm32cubeide/plugins/com.st.stm32cube.ide.mcu.externaltools.gnu-tools-for-stm32.7-2018-q2-update.win32_1.0.0.201904181610/tools/bin/../lib/gcc/arm-none-eabi/7.3.1/../../../../arm-none-eabi/lib/thumb/v7e-m/fpv5/hard\libc_nano.a(lib_a-memset.o)
 .ARM.attributes
                0x0000000000000587       0x32 c:/st/stm32cubeide_1.2.0/stm32cubeide/plugins/com.st.stm32cube.ide.mcu.externaltools.gnu-tools-for-stm32.7-2018-q2-update.win32_1.0.0.201904181610/tools/bin/../lib/gcc/arm-none-eabi/7.3.1/../../../../arm-none-eabi/lib/thumb/v7e-m/fpv5/hard\libc_nano.a(lib_a-sprintf.o)
 .ARM.attributes
                0x00000000000005b9       0x32 c:/st/stm32cubeide_1.2.0/stm32cubeide/plugins/com.st.stm32cube.ide.mcu.externaltools.gnu-tools-for-stm32.7-2018-q2-update.win32_1.0.0.201904181610/tools/bin/../lib/gcc/arm-none-eabi/7.3.1/../../../../arm-none-eabi/lib/thumb/v7e-m/fpv5/hard\libc_nano.a(lib_a-nano-svfprintf.o)
 .ARM.attributes
                0x00000000000005eb       0x32 c:/st/stm32cubeide_1.2.0/stm32cubeide/plugins/com.st.stm32cube.ide.mcu.externaltools.gnu-tools-for-stm32.7-2018-q2-update.win32_1.0.0.201904181610/tools/bin/../lib/gcc/arm-none-eabi/7.3.1/../../../../arm-none-eabi/lib/thumb/v7e-m/fpv5/hard\libc_nano.a(lib_a-nano-vfprintf_i.o)
 .ARM.attributes
                0x000000000000061d       0x1e c:/st/stm32cubeide_1.2.0/stm32cubeide/plugins/com.st.stm32cube.ide.mcu.externaltools.gnu-tools-for-stm32.7-2018-q2-update.win32_1.0.0.201904181610/tools/bin/../lib/gcc/arm-none-eabi/7.3.1/../../../../arm-none-eabi/lib/thumb/v7e-m/fpv5/hard\libc_nano.a(lib_a-memchr.o)
 .ARM.attributes
                0x000000000000063b       0x32 c:/st/stm32cubeide_1.2.0/stm32cubeide/plugins/com.st.stm32cube.ide.mcu.externaltools.gnu-tools-for-stm32.7-2018-q2-update.win32_1.0.0.201904181610/tools/bin/../lib/gcc/arm-none-eabi/7.3.1/../../../../arm-none-eabi/lib/thumb/v7e-m/fpv5/hard\libc_nano.a(lib_a-memcpy-stub.o)
 .ARM.attributes
                0x000000000000066d       0x32 c:/st/stm32cubeide_1.2.0/stm32cubeide/plugins/com.st.stm32cube.ide.mcu.externaltools.gnu-tools-for-stm32.7-2018-q2-update.win32_1.0.0.201904181610/tools/bin/../lib/gcc/arm-none-eabi/7.3.1/../../../../arm-none-eabi/lib/thumb/v7e-m/fpv5/hard\libc_nano.a(lib_a-memmove.o)
 .ARM.attributes
                0x000000000000069f       0x32 c:/st/stm32cubeide_1.2.0/stm32cubeide/plugins/com.st.stm32cube.ide.mcu.externaltools.gnu-tools-for-stm32.7-2018-q2-update.win32_1.0.0.201904181610/tools/bin/../lib/gcc/arm-none-eabi/7.3.1/../../../../arm-none-eabi/lib/thumb/v7e-m/fpv5/hard\libc_nano.a(lib_a-nano-freer.o)
 .ARM.attributes
                0x00000000000006d1       0x32 c:/st/stm32cubeide_1.2.0/stm32cubeide/plugins/com.st.stm32cube.ide.mcu.externaltools.gnu-tools-for-stm32.7-2018-q2-update.win32_1.0.0.201904181610/tools/bin/../lib/gcc/arm-none-eabi/7.3.1/../../../../arm-none-eabi/lib/thumb/v7e-m/fpv5/hard\libc_nano.a(lib_a-nano-mallocr.o)
 .ARM.attributes
                0x0000000000000703       0x32 c:/st/stm32cubeide_1.2.0/stm32cubeide/plugins/com.st.stm32cube.ide.mcu.externaltools.gnu-tools-for-stm32.7-2018-q2-update.win32_1.0.0.201904181610/tools/bin/../lib/gcc/arm-none-eabi/7.3.1/../../../../arm-none-eabi/lib/thumb/v7e-m/fpv5/hard\libc_nano.a(lib_a-nano-reallocr.o)
 .ARM.attributes
                0x0000000000000735       0x32 c:/st/stm32cubeide_1.2.0/stm32cubeide/plugins/com.st.stm32cube.ide.mcu.externaltools.gnu-tools-for-stm32.7-2018-q2-update.win32_1.0.0.201904181610/tools/bin/../lib/gcc/arm-none-eabi/7.3.1/../../../../arm-none-eabi/lib/thumb/v7e-m/fpv5/hard\libc_nano.a(lib_a-sbrkr.o)
 .ARM.attributes
                0x0000000000000767       0x32 c:/st/stm32cubeide_1.2.0/stm32cubeide/plugins/com.st.stm32cube.ide.mcu.externaltools.gnu-tools-for-stm32.7-2018-q2-update.win32_1.0.0.201904181610/tools/bin/../lib/gcc/arm-none-eabi/7.3.1/../../../../arm-none-eabi/lib/thumb/v7e-m/fpv5/hard\libc_nano.a(lib_a-mlock.o)
 .ARM.attributes
                0x0000000000000799       0x32 c:/st/stm32cubeide_1.2.0/stm32cubeide/plugins/com.st.stm32cube.ide.mcu.externaltools.gnu-tools-for-stm32.7-2018-q2-update.win32_1.0.0.201904181610/tools/bin/../lib/gcc/arm-none-eabi/7.3.1/../../../../arm-none-eabi/lib/thumb/v7e-m/fpv5/hard\libc_nano.a(lib_a-nano-msizer.o)
 .ARM.attributes
                0x00000000000007cb       0x32 c:/st/stm32cubeide_1.2.0/stm32cubeide/plugins/com.st.stm32cube.ide.mcu.externaltools.gnu-tools-for-stm32.7-2018-q2-update.win32_1.0.0.201904181610/tools/bin/../lib/gcc/arm-none-eabi/7.3.1/../../../../arm-none-eabi/lib/thumb/v7e-m/fpv5/hard\libc_nano.a(lib_a-reent.o)
 .ARM.attributes
                0x00000000000007fd       0x20 c:/st/stm32cubeide_1.2.0/stm32cubeide/plugins/com.st.stm32cube.ide.mcu.externaltools.gnu-tools-for-stm32.7-2018-q2-update.win32_1.0.0.201904181610/tools/bin/../lib/gcc/arm-none-eabi/7.3.1/thumb/v7e-m/fpv5/hard\libgcc.a(_aeabi_uldivmod.o)
 .ARM.attributes
                0x000000000000081d       0x32 c:/st/stm32cubeide_1.2.0/stm32cubeide/plugins/com.st.stm32cube.ide.mcu.externaltools.gnu-tools-for-stm32.7-2018-q2-update.win32_1.0.0.201904181610/tools/bin/../lib/gcc/arm-none-eabi/7.3.1/thumb/v7e-m/fpv5/hard\libgcc.a(_udivmoddi4.o)
 .ARM.attributes
                0x000000000000084f       0x20 c:/st/stm32cubeide_1.2.0/stm32cubeide/plugins/com.st.stm32cube.ide.mcu.externaltools.gnu-tools-for-stm32.7-2018-q2-update.win32_1.0.0.201904181610/tools/bin/../lib/gcc/arm-none-eabi/7.3.1/thumb/v7e-m/fpv5/hard\libgcc.a(_dvmd_tls.o)
 .ARM.attributes
                0x000000000000086f       0x20 c:/st/stm32cubeide_1.2.0/stm32cubeide/plugins/com.st.stm32cube.ide.mcu.externaltools.gnu-tools-for-stm32.7-2018-q2-update.win32_1.0.0.201904181610/tools/bin/../lib/gcc/arm-none-eabi/7.3.1/thumb/v7e-m/fpv5/hard/crtn.o
OUTPUT(F767_unit_1.elf elf32-littlearm)

.debug_info     0x0000000000000000    0x133b0
 .debug_info    0x0000000000000000      0x820 Core/Src/JY901.o
 .debug_info    0x0000000000000820      0x7f0 Core/Src/SO1602A.o
 .debug_info    0x0000000000001010     0x29ae Core/Src/main.o
 .debug_info    0x00000000000039be      0x7cd Core/Src/mecanum.o
 .debug_info    0x000000000000418b     0x1665 Core/Src/stm32f7xx_hal_msp.o
 .debug_info    0x00000000000057f0      0xbc0 Core/Src/stm32f7xx_it.o
 .debug_info    0x00000000000063b0      0x91c Core/Src/sysmem.o
 .debug_info    0x0000000000006ccc      0x73d Core/Src/system_stm32f7xx.o
 .debug_info    0x0000000000007409       0x22 Core/Startup/startup_stm32f767zitx.o
 .debug_info    0x000000000000742b      0xa37 Drivers/STM32F7xx_HAL_Driver/Src/stm32f7xx_hal.o
 .debug_info    0x0000000000007e62     0x108c Drivers/STM32F7xx_HAL_Driver/Src/stm32f7xx_hal_cortex.o
 .debug_info    0x0000000000008eee      0x968 Drivers/STM32F7xx_HAL_Driver/Src/stm32f7xx_hal_dma.o
 .debug_info    0x0000000000009856      0x7e9 Drivers/STM32F7xx_HAL_Driver/Src/stm32f7xx_hal_gpio.o
 .debug_info    0x000000000000a03f     0x1fb9 Drivers/STM32F7xx_HAL_Driver/Src/stm32f7xx_hal_i2c.o
 .debug_info    0x000000000000bff8      0x9fb Drivers/STM32F7xx_HAL_Driver/Src/stm32f7xx_hal_i2c_ex.o
 .debug_info    0x000000000000c9f3      0x96b Drivers/STM32F7xx_HAL_Driver/Src/stm32f7xx_hal_pwr_ex.o
 .debug_info    0x000000000000d35e      0x987 Drivers/STM32F7xx_HAL_Driver/Src/stm32f7xx_hal_rcc.o
 .debug_info    0x000000000000dce5      0x7d1 Drivers/STM32F7xx_HAL_Driver/Src/stm32f7xx_hal_rcc_ex.o
 .debug_info    0x000000000000e4b6     0x25ba Drivers/STM32F7xx_HAL_Driver/Src/stm32f7xx_hal_tim.o
 .debug_info    0x0000000000010a70     0x1307 Drivers/STM32F7xx_HAL_Driver/Src/stm32f7xx_hal_tim_ex.o
 .debug_info    0x0000000000011d77     0x1639 Drivers/STM32F7xx_HAL_Driver/Src/stm32f7xx_hal_uart.o

.debug_abbrev   0x0000000000000000     0x27a2
 .debug_abbrev  0x0000000000000000      0x1d9 Core/Src/JY901.o
 .debug_abbrev  0x00000000000001d9      0x1d5 Core/Src/SO1602A.o
 .debug_abbrev  0x00000000000003ae      0x326 Core/Src/main.o
 .debug_abbrev  0x00000000000006d4      0x1a5 Core/Src/mecanum.o
 .debug_abbrev  0x0000000000000879      0x1fa Core/Src/stm32f7xx_hal_msp.o
 .debug_abbrev  0x0000000000000a73      0x183 Core/Src/stm32f7xx_it.o
 .debug_abbrev  0x0000000000000bf6      0x1bb Core/Src/sysmem.o
 .debug_abbrev  0x0000000000000db1      0x147 Core/Src/system_stm32f7xx.o
 .debug_abbrev  0x0000000000000ef8       0x12 Core/Startup/startup_stm32f767zitx.o
 .debug_abbrev  0x0000000000000f0a      0x1c7 Drivers/STM32F7xx_HAL_Driver/Src/stm32f7xx_hal.o
 .debug_abbrev  0x00000000000010d1      0x2fa Drivers/STM32F7xx_HAL_Driver/Src/stm32f7xx_hal_cortex.o
 .debug_abbrev  0x00000000000013cb      0x229 Drivers/STM32F7xx_HAL_Driver/Src/stm32f7xx_hal_dma.o
 .debug_abbrev  0x00000000000015f4      0x1c9 Drivers/STM32F7xx_HAL_Driver/Src/stm32f7xx_hal_gpio.o
 .debug_abbrev  0x00000000000017bd      0x22a Drivers/STM32F7xx_HAL_Driver/Src/stm32f7xx_hal_i2c.o
 .debug_abbrev  0x00000000000019e7      0x19b Drivers/STM32F7xx_HAL_Driver/Src/stm32f7xx_hal_i2c_ex.o
 .debug_abbrev  0x0000000000001b82      0x1b8 Drivers/STM32F7xx_HAL_Driver/Src/stm32f7xx_hal_pwr_ex.o
 .debug_abbrev  0x0000000000001d3a      0x268 Drivers/STM32F7xx_HAL_Driver/Src/stm32f7xx_hal_rcc.o
 .debug_abbrev  0x0000000000001fa2      0x1ad Drivers/STM32F7xx_HAL_Driver/Src/stm32f7xx_hal_rcc_ex.o
 .debug_abbrev  0x000000000000214f      0x230 Drivers/STM32F7xx_HAL_Driver/Src/stm32f7xx_hal_tim.o
 .debug_abbrev  0x000000000000237f      0x21e Drivers/STM32F7xx_HAL_Driver/Src/stm32f7xx_hal_tim_ex.o
 .debug_abbrev  0x000000000000259d      0x205 Drivers/STM32F7xx_HAL_Driver/Src/stm32f7xx_hal_uart.o

.debug_aranges  0x0000000000000000     0x1190
 .debug_aranges
                0x0000000000000000       0x38 Core/Src/JY901.o
 .debug_aranges
                0x0000000000000038       0x48 Core/Src/SO1602A.o
 .debug_aranges
                0x0000000000000080      0x110 Core/Src/main.o
 .debug_aranges
                0x0000000000000190       0x40 Core/Src/mecanum.o
 .debug_aranges
                0x00000000000001d0       0x58 Core/Src/stm32f7xx_hal_msp.o
 .debug_aranges
                0x0000000000000228       0xb8 Core/Src/stm32f7xx_it.o
 .debug_aranges
                0x00000000000002e0       0x20 Core/Src/sysmem.o
 .debug_aranges
                0x0000000000000300       0x28 Core/Src/system_stm32f7xx.o
 .debug_aranges
                0x0000000000000328       0x28 Core/Startup/startup_stm32f767zitx.o
 .debug_aranges
                0x0000000000000350      0x110 Drivers/STM32F7xx_HAL_Driver/Src/stm32f7xx_hal.o
 .debug_aranges
                0x0000000000000460      0x118 Drivers/STM32F7xx_HAL_Driver/Src/stm32f7xx_hal_cortex.o
 .debug_aranges
                0x0000000000000578       0x90 Drivers/STM32F7xx_HAL_Driver/Src/stm32f7xx_hal_dma.o
 .debug_aranges
                0x0000000000000608       0x58 Drivers/STM32F7xx_HAL_Driver/Src/stm32f7xx_hal_gpio.o
 .debug_aranges
                0x0000000000000660      0x288 Drivers/STM32F7xx_HAL_Driver/Src/stm32f7xx_hal_i2c.o
 .debug_aranges
                0x00000000000008e8       0x38 Drivers/STM32F7xx_HAL_Driver/Src/stm32f7xx_hal_i2c_ex.o
 .debug_aranges
                0x0000000000000920       0x80 Drivers/STM32F7xx_HAL_Driver/Src/stm32f7xx_hal_pwr_ex.o
 .debug_aranges
                0x00000000000009a0       0x88 Drivers/STM32F7xx_HAL_Driver/Src/stm32f7xx_hal_rcc.o
 .debug_aranges
                0x0000000000000a28       0x50 Drivers/STM32F7xx_HAL_Driver/Src/stm32f7xx_hal_rcc_ex.o
 .debug_aranges
                0x0000000000000a78      0x3b8 Drivers/STM32F7xx_HAL_Driver/Src/stm32f7xx_hal_tim.o
 .debug_aranges
                0x0000000000000e30      0x168 Drivers/STM32F7xx_HAL_Driver/Src/stm32f7xx_hal_tim_ex.o
 .debug_aranges
                0x0000000000000f98      0x1f8 Drivers/STM32F7xx_HAL_Driver/Src/stm32f7xx_hal_uart.o

.debug_ranges   0x0000000000000000     0x1048
 .debug_ranges  0x0000000000000000       0x28 Core/Src/JY901.o
 .debug_ranges  0x0000000000000028       0x38 Core/Src/SO1602A.o
 .debug_ranges  0x0000000000000060      0x100 Core/Src/main.o
 .debug_ranges  0x0000000000000160       0x30 Core/Src/mecanum.o
 .debug_ranges  0x0000000000000190       0x48 Core/Src/stm32f7xx_hal_msp.o
 .debug_ranges  0x00000000000001d8       0xa8 Core/Src/stm32f7xx_it.o
 .debug_ranges  0x0000000000000280       0x10 Core/Src/sysmem.o
 .debug_ranges  0x0000000000000290       0x18 Core/Src/system_stm32f7xx.o
 .debug_ranges  0x00000000000002a8       0x20 Core/Startup/startup_stm32f767zitx.o
 .debug_ranges  0x00000000000002c8      0x100 Drivers/STM32F7xx_HAL_Driver/Src/stm32f7xx_hal.o
 .debug_ranges  0x00000000000003c8      0x108 Drivers/STM32F7xx_HAL_Driver/Src/stm32f7xx_hal_cortex.o
 .debug_ranges  0x00000000000004d0       0x80 Drivers/STM32F7xx_HAL_Driver/Src/stm32f7xx_hal_dma.o
 .debug_ranges  0x0000000000000550       0x48 Drivers/STM32F7xx_HAL_Driver/Src/stm32f7xx_hal_gpio.o
 .debug_ranges  0x0000000000000598      0x278 Drivers/STM32F7xx_HAL_Driver/Src/stm32f7xx_hal_i2c.o
 .debug_ranges  0x0000000000000810       0x28 Drivers/STM32F7xx_HAL_Driver/Src/stm32f7xx_hal_i2c_ex.o
 .debug_ranges  0x0000000000000838       0x70 Drivers/STM32F7xx_HAL_Driver/Src/stm32f7xx_hal_pwr_ex.o
 .debug_ranges  0x00000000000008a8       0x78 Drivers/STM32F7xx_HAL_Driver/Src/stm32f7xx_hal_rcc.o
 .debug_ranges  0x0000000000000920       0x40 Drivers/STM32F7xx_HAL_Driver/Src/stm32f7xx_hal_rcc_ex.o
 .debug_ranges  0x0000000000000960      0x3a8 Drivers/STM32F7xx_HAL_Driver/Src/stm32f7xx_hal_tim.o
 .debug_ranges  0x0000000000000d08      0x158 Drivers/STM32F7xx_HAL_Driver/Src/stm32f7xx_hal_tim_ex.o
 .debug_ranges  0x0000000000000e60      0x1e8 Drivers/STM32F7xx_HAL_Driver/Src/stm32f7xx_hal_uart.o

.debug_macro    0x0000000000000000    0x27d8a
 .debug_macro   0x0000000000000000      0x1f3 Core/Src/JY901.o
 .debug_macro   0x00000000000001f3      0xa66 Core/Src/JY901.o
 .debug_macro   0x0000000000000c59      0x189 Core/Src/JY901.o
 .debug_macro   0x0000000000000de2       0x2e Core/Src/JY901.o
 .debug_macro   0x0000000000000e10       0x3b Core/Src/JY901.o
 .debug_macro   0x0000000000000e4b       0x22 Core/Src/JY901.o
 .debug_macro   0x0000000000000e6d       0x8e Core/Src/JY901.o
 .debug_macro   0x0000000000000efb       0x51 Core/Src/JY901.o
 .debug_macro   0x0000000000000f4c       0xef Core/Src/JY901.o
 .debug_macro   0x000000000000103b       0x6a Core/Src/JY901.o
 .debug_macro   0x00000000000010a5      0x1df Core/Src/JY901.o
 .debug_macro   0x0000000000001284       0x1c Core/Src/JY901.o
 .debug_macro   0x00000000000012a0       0x22 Core/Src/JY901.o
 .debug_macro   0x00000000000012c2       0xdf Core/Src/JY901.o
 .debug_macro   0x00000000000013a1     0x12cd Core/Src/JY901.o
 .debug_macro   0x000000000000266e      0x11f Core/Src/JY901.o
 .debug_macro   0x000000000000278d       0x19 Core/Src/JY901.o
 .debug_macro   0x00000000000027a6    0x1a029 Core/Src/JY901.o
 .debug_macro   0x000000000001c7cf       0x43 Core/Src/JY901.o
 .debug_macro   0x000000000001c812     0x363d Core/Src/JY901.o
 .debug_macro   0x000000000001fe4f      0x174 Core/Src/JY901.o
 .debug_macro   0x000000000001ffc3       0x61 Core/Src/JY901.o
 .debug_macro   0x0000000000020024     0x1add Core/Src/JY901.o
 .debug_macro   0x0000000000021b01      0x6c4 Core/Src/JY901.o
 .debug_macro   0x00000000000221c5      0x109 Core/Src/JY901.o
 .debug_macro   0x00000000000222ce      0x117 Core/Src/JY901.o
 .debug_macro   0x00000000000223e5      0x26f Core/Src/JY901.o
 .debug_macro   0x0000000000022654       0x27 Core/Src/JY901.o
 .debug_macro   0x000000000002267b      0x24f Core/Src/JY901.o
 .debug_macro   0x00000000000228ca       0x71 Core/Src/JY901.o
 .debug_macro   0x000000000002293b       0x58 Core/Src/JY901.o
 .debug_macro   0x0000000000022993      0x236 Core/Src/JY901.o
 .debug_macro   0x0000000000022bc9      0x14f Core/Src/JY901.o
 .debug_macro   0x0000000000022d18      0x3dc Core/Src/JY901.o
 .debug_macro   0x00000000000230f4       0x12 Core/Src/JY901.o
 .debug_macro   0x0000000000023106      0x22c Core/Src/JY901.o
 .debug_macro   0x0000000000023332       0x61 Core/Src/JY901.o
 .debug_macro   0x0000000000023393       0xa5 Core/Src/JY901.o
 .debug_macro   0x0000000000023438      0x12f Core/Src/JY901.o
 .debug_macro   0x0000000000023567      0x108 Core/Src/JY901.o
 .debug_macro   0x000000000002366f       0x35 Core/Src/JY901.o
 .debug_macro   0x00000000000236a4      0x9f0 Core/Src/JY901.o
 .debug_macro   0x0000000000024094       0xa9 Core/Src/JY901.o
 .debug_macro   0x000000000002413d      0x519 Core/Src/JY901.o
 .debug_macro   0x0000000000024656       0x44 Core/Src/JY901.o
 .debug_macro   0x000000000002469a      0x15c Core/Src/JY901.o
 .debug_macro   0x00000000000247f6      0x1f2 Core/Src/SO1602A.o
 .debug_macro   0x00000000000249e8       0x16 Core/Src/SO1602A.o
 .debug_macro   0x00000000000249fe      0x3e9 Core/Src/main.o
 .debug_macro   0x0000000000024de7       0xb2 Core/Src/main.o
 .debug_macro   0x0000000000024e99       0x1c Core/Src/main.o
 .debug_macro   0x0000000000024eb5       0x22 Core/Src/main.o
 .debug_macro   0x0000000000024ed7       0x17 Core/Src/main.o
 .debug_macro   0x0000000000024eee       0x46 Core/Src/main.o
 .debug_macro   0x0000000000024f34       0x3c Core/Src/main.o
 .debug_macro   0x0000000000024f70       0x34 Core/Src/main.o
 .debug_macro   0x0000000000024fa4       0x16 Core/Src/main.o
 .debug_macro   0x0000000000024fba       0x35 Core/Src/main.o
 .debug_macro   0x0000000000024fef       0x52 Core/Src/main.o
 .debug_macro   0x0000000000025041       0x1f Core/Src/main.o
 .debug_macro   0x0000000000025060       0x43 Core/Src/main.o
 .debug_macro   0x00000000000250a3       0x20 Core/Src/main.o
 .debug_macro   0x00000000000250c3      0x1a3 Core/Src/main.o
 .debug_macro   0x0000000000025266      0x32a Core/Src/main.o
 .debug_macro   0x0000000000025590       0x16 Core/Src/main.o
 .debug_macro   0x00000000000255a6       0x29 Core/Src/main.o
 .debug_macro   0x00000000000255cf       0x1c Core/Src/main.o
 .debug_macro   0x00000000000255eb       0x10 Core/Src/main.o
 .debug_macro   0x00000000000255fb       0x10 Core/Src/main.o
 .debug_macro   0x000000000002560b       0x1c Core/Src/main.o
 .debug_macro   0x0000000000025627       0x52 Core/Src/main.o
 .debug_macro   0x0000000000025679       0x40 Core/Src/main.o
 .debug_macro   0x00000000000256b9       0x10 Core/Src/main.o
 .debug_macro   0x00000000000256c9       0x40 Core/Src/main.o
 .debug_macro   0x0000000000025709       0xd7 Core/Src/main.o
 .debug_macro   0x00000000000257e0       0x1c Core/Src/main.o
 .debug_macro   0x00000000000257fc       0x3d Core/Src/main.o
 .debug_macro   0x0000000000025839       0x16 Core/Src/main.o
 .debug_macro   0x000000000002584f      0x145 Core/Src/main.o
 .debug_macro   0x0000000000025994       0x10 Core/Src/main.o
 .debug_macro   0x00000000000259a4      0x1ed Core/Src/mecanum.o
 .debug_macro   0x0000000000025b91      0x1f2 Core/Src/stm32f7xx_hal_msp.o
 .debug_macro   0x0000000000025d83      0x1fc Core/Src/stm32f7xx_it.o
 .debug_macro   0x0000000000025f7f      0x1ae Core/Src/sysmem.o
 .debug_macro   0x000000000002612d      0x23b Core/Src/sysmem.o
 .debug_macro   0x0000000000026368       0x16 Core/Src/sysmem.o
 .debug_macro   0x000000000002637e      0x1e9 Core/Src/system_stm32f7xx.o
 .debug_macro   0x0000000000026567      0x207 Drivers/STM32F7xx_HAL_Driver/Src/stm32f7xx_hal.o
 .debug_macro   0x000000000002676e      0x1e3 Drivers/STM32F7xx_HAL_Driver/Src/stm32f7xx_hal_cortex.o
 .debug_macro   0x0000000000026951      0x1e9 Drivers/STM32F7xx_HAL_Driver/Src/stm32f7xx_hal_dma.o
 .debug_macro   0x0000000000026b3a      0x219 Drivers/STM32F7xx_HAL_Driver/Src/stm32f7xx_hal_gpio.o
 .debug_macro   0x0000000000026d53      0x2a8 Drivers/STM32F7xx_HAL_Driver/Src/stm32f7xx_hal_i2c.o
 .debug_macro   0x0000000000026ffb      0x1e3 Drivers/STM32F7xx_HAL_Driver/Src/stm32f7xx_hal_i2c_ex.o
 .debug_macro   0x00000000000271de      0x1fb Drivers/STM32F7xx_HAL_Driver/Src/stm32f7xx_hal_pwr_ex.o
 .debug_macro   0x00000000000273d9      0x207 Drivers/STM32F7xx_HAL_Driver/Src/stm32f7xx_hal_rcc.o
 .debug_macro   0x00000000000275e0      0x1e3 Drivers/STM32F7xx_HAL_Driver/Src/stm32f7xx_hal_rcc_ex.o
 .debug_macro   0x00000000000277c3      0x1e4 Drivers/STM32F7xx_HAL_Driver/Src/stm32f7xx_hal_tim.o
 .debug_macro   0x00000000000279a7      0x1e3 Drivers/STM32F7xx_HAL_Driver/Src/stm32f7xx_hal_tim_ex.o
 .debug_macro   0x0000000000027b8a      0x200 Drivers/STM32F7xx_HAL_Driver/Src/stm32f7xx_hal_uart.o

.debug_line     0x0000000000000000     0xe0cd
 .debug_line    0x0000000000000000      0x73b Core/Src/JY901.o
 .debug_line    0x000000000000073b      0x755 Core/Src/SO1602A.o
 .debug_line    0x0000000000000e90     0x100c Core/Src/main.o
 .debug_line    0x0000000000001e9c      0x767 Core/Src/mecanum.o
 .debug_line    0x0000000000002603      0x8b6 Core/Src/stm32f7xx_hal_msp.o
 .debug_line    0x0000000000002eb9      0x85e Core/Src/stm32f7xx_it.o
 .debug_line    0x0000000000003717      0x55e Core/Src/sysmem.o
 .debug_line    0x0000000000003c75      0x70b Core/Src/system_stm32f7xx.o
 .debug_line    0x0000000000004380       0x86 Core/Startup/startup_stm32f767zitx.o
 .debug_line    0x0000000000004406      0x935 Drivers/STM32F7xx_HAL_Driver/Src/stm32f7xx_hal.o
 .debug_line    0x0000000000004d3b      0xa15 Drivers/STM32F7xx_HAL_Driver/Src/stm32f7xx_hal_cortex.o
 .debug_line    0x0000000000005750      0x9c0 Drivers/STM32F7xx_HAL_Driver/Src/stm32f7xx_hal_dma.o
 .debug_line    0x0000000000006110      0x8f9 Drivers/STM32F7xx_HAL_Driver/Src/stm32f7xx_hal_gpio.o
 .debug_line    0x0000000000006a09     0x1a71 Drivers/STM32F7xx_HAL_Driver/Src/stm32f7xx_hal_i2c.o
 .debug_line    0x000000000000847a      0x7aa Drivers/STM32F7xx_HAL_Driver/Src/stm32f7xx_hal_i2c_ex.o
 .debug_line    0x0000000000008c24      0x835 Drivers/STM32F7xx_HAL_Driver/Src/stm32f7xx_hal_pwr_ex.o
 .debug_line    0x0000000000009459      0x987 Drivers/STM32F7xx_HAL_Driver/Src/stm32f7xx_hal_rcc.o
 .debug_line    0x0000000000009de0      0x915 Drivers/STM32F7xx_HAL_Driver/Src/stm32f7xx_hal_rcc_ex.o
 .debug_line    0x000000000000a6f5     0x1a19 Drivers/STM32F7xx_HAL_Driver/Src/stm32f7xx_hal_tim.o
 .debug_line    0x000000000000c10e      0xdc8 Drivers/STM32F7xx_HAL_Driver/Src/stm32f7xx_hal_tim_ex.o
 .debug_line    0x000000000000ced6     0x11f7 Drivers/STM32F7xx_HAL_Driver/Src/stm32f7xx_hal_uart.o

.debug_str      0x0000000000000000    0xf6c51
 .debug_str     0x0000000000000000    0xed0ac Core/Src/JY901.o
                                      0xed82a (size before relaxing)
 .debug_str     0x00000000000ed0ac       0x9b Core/Src/SO1602A.o
                                      0xed82a (size before relaxing)
 .debug_str     0x00000000000ed147     0x590b Core/Src/main.o
                                      0xf3279 (size before relaxing)
 .debug_str     0x00000000000f2a52       0x3e Core/Src/mecanum.o
                                      0xed730 (size before relaxing)
 .debug_str     0x00000000000f2a90       0xcc Core/Src/stm32f7xx_hal_msp.o
                                      0xee724 (size before relaxing)
 .debug_str     0x00000000000f2b5c      0x191 Core/Src/stm32f7xx_it.o
                                      0xedda3 (size before relaxing)
 .debug_str     0x00000000000f2ced      0x4d1 Core/Src/sysmem.o
                                       0x7b11 (size before relaxing)
 .debug_str     0x00000000000f31be      0x18d Core/Src/system_stm32f7xx.o
                                      0xed4e9 (size before relaxing)
 .debug_str     0x00000000000f334b       0x36 Core/Startup/startup_stm32f767zitx.o
                                         0x74 (size before relaxing)
 .debug_str     0x00000000000f3381      0x3a8 Drivers/STM32F7xx_HAL_Driver/Src/stm32f7xx_hal.o
                                      0xede65 (size before relaxing)
 .debug_str     0x00000000000f3729      0x38f Drivers/STM32F7xx_HAL_Driver/Src/stm32f7xx_hal_cortex.o
                                      0xedede (size before relaxing)
 .debug_str     0x00000000000f3ab8      0x328 Drivers/STM32F7xx_HAL_Driver/Src/stm32f7xx_hal_dma.o
                                      0xed823 (size before relaxing)
 .debug_str     0x00000000000f3de0      0x224 Drivers/STM32F7xx_HAL_Driver/Src/stm32f7xx_hal_gpio.o
                                      0xed6bf (size before relaxing)
 .debug_str     0x00000000000f4004      0xcff Drivers/STM32F7xx_HAL_Driver/Src/stm32f7xx_hal_i2c.o
                                      0xee5d7 (size before relaxing)
 .debug_str     0x00000000000f4d03       0x89 Drivers/STM32F7xx_HAL_Driver/Src/stm32f7xx_hal_i2c_ex.o
                                      0xed9a6 (size before relaxing)
 .debug_str     0x00000000000f4d8c      0x1d1 Drivers/STM32F7xx_HAL_Driver/Src/stm32f7xx_hal_pwr_ex.o
                                      0xed763 (size before relaxing)
 .debug_str     0x00000000000f4f5d      0x269 Drivers/STM32F7xx_HAL_Driver/Src/stm32f7xx_hal_rcc.o
                                      0xed812 (size before relaxing)
 .debug_str     0x00000000000f51c6      0x161 Drivers/STM32F7xx_HAL_Driver/Src/stm32f7xx_hal_rcc_ex.o
                                      0xed7d2 (size before relaxing)